[    0.000000] Initializing cgroup subsys cpuset
[    0.000000] Initializing cgroup subsys cpu
[    0.000000] Initializing cgroup subsys cpuacct
[    0.000000] Linux version 4.1.5-1-ARCH (builduser@tobias) (gcc version 5.2.0 (GCC) ) #1 SMP PREEMPT Tue Aug 11 15:41:14 CEST 2015
[    0.000000] Command line: BOOT_IMAGE=/vmlinuz-linux root=UUID=67937758-a693-4621-8b26-013d99c28345 rw quiet
[    0.000000] e820: BIOS-provided physical RAM map:
[    0.000000] BIOS-e820: [mem 0x0000000000000000-0x0000000000057fff] usable
[    0.000000] BIOS-e820: [mem 0x0000000000058000-0x0000000000058fff] reserved
[    0.000000] BIOS-e820: [mem 0x0000000000059000-0x000000000009efff] usable
[    0.000000] BIOS-e820: [mem 0x000000000009f000-0x000000000009ffff] reserved
[    0.000000] BIOS-e820: [mem 0x0000000000100000-0x00000000b9e64fff] usable
[    0.000000] BIOS-e820: [mem 0x00000000b9e65000-0x00000000b9e6bfff] ACPI NVS
[    0.000000] BIOS-e820: [mem 0x00000000b9e6c000-0x00000000bab46fff] usable
[    0.000000] BIOS-e820: [mem 0x00000000bab47000-0x00000000bb064fff] reserved
[    0.000000] BIOS-e820: [mem 0x00000000bb065000-0x00000000cd180fff] usable
[    0.000000] BIOS-e820: [mem 0x00000000cd181000-0x00000000cd1e9fff] reserved
[    0.000000] BIOS-e820: [mem 0x00000000cd1ea000-0x00000000cd230fff] usable
[    0.000000] BIOS-e820: [mem 0x00000000cd231000-0x00000000cd366fff] ACPI NVS
[    0.000000] BIOS-e820: [mem 0x00000000cd367000-0x00000000cdf84fff] reserved
[    0.000000] BIOS-e820: [mem 0x00000000cdf85000-0x00000000cdffefff] type 20
[    0.000000] BIOS-e820: [mem 0x00000000cdfff000-0x00000000cdffffff] usable
[    0.000000] BIOS-e820: [mem 0x00000000cf000000-0x00000000df1fffff] reserved
[    0.000000] BIOS-e820: [mem 0x00000000f8000000-0x00000000fbffffff] reserved
[    0.000000] BIOS-e820: [mem 0x00000000fec00000-0x00000000fec00fff] reserved
[    0.000000] BIOS-e820: [mem 0x00000000fed00000-0x00000000fed03fff] reserved
[    0.000000] BIOS-e820: [mem 0x00000000fed1c000-0x00000000fed1ffff] reserved
[    0.000000] BIOS-e820: [mem 0x00000000fee00000-0x00000000fee00fff] reserved
[    0.000000] BIOS-e820: [mem 0x00000000ff000000-0x00000000ffffffff] reserved
[    0.000000] BIOS-e820: [mem 0x0000000100000000-0x000000021fdfffff] usable
[    0.000000] NX (Execute Disable) protection: active
[    0.000000] efi: EFI v2.31 by American Megatrends
[    0.000000] efi:  ACPI=0xcd335000  ACPI 2.0=0xcd335000  SMBIOS=0xf04d0  MPS=0xfd600 
[    0.000000] SMBIOS 2.8 present.
[    0.000000] DMI: To Be Filled By O.E.M. To Be Filled By O.E.M./Z97 Extreme4, BIOS P1.30 05/23/2014
[    0.000000] e820: update [mem 0x00000000-0x00000fff] usable ==> reserved
[    0.000000] e820: remove [mem 0x000a0000-0x000fffff] usable
[    0.000000] AGP: No AGP bridge found
[    0.000000] e820: last_pfn = 0x21fe00 max_arch_pfn = 0x400000000
[    0.000000] MTRR default type: uncachable
[    0.000000] MTRR fixed ranges enabled:
[    0.000000]   00000-9FFFF write-back
[    0.000000]   A0000-BFFFF uncachable
[    0.000000]   C0000-CFFFF write-protect
[    0.000000]   D0000-DFFFF uncachable
[    0.000000]   E0000-FFFFF write-protect
[    0.000000] MTRR variable ranges enabled:
[    0.000000]   0 base 0000000000 mask 7E00000000 write-back
[    0.000000]   1 base 0200000000 mask 7FE0000000 write-back
[    0.000000]   2 base 00E0000000 mask 7FE0000000 uncachable
[    0.000000]   3 base 00D0000000 mask 7FF0000000 uncachable
[    0.000000]   4 base 00CF000000 mask 7FFF000000 uncachable
[    0.000000]   5 base 021FE00000 mask 7FFFE00000 uncachable
[    0.000000]   6 disabled
[    0.000000]   7 disabled
[    0.000000]   8 disabled
[    0.000000]   9 disabled
[    0.000000] PAT configuration [0-7]: WB  WC  UC- UC  WB  WC  UC- UC  
[    0.000000] e820: update [mem 0xcf000000-0xffffffff] usable ==> reserved
[    0.000000] e820: last_pfn = 0xce000 max_arch_pfn = 0x400000000
[    0.000000] found SMP MP-table at [mem 0x000fd8c0-0x000fd8cf] mapped at [ffff8800000fd8c0]
[    0.000000] Scanning 1 areas for low memory corruption
[    0.000000] Base memory trampoline at [ffff880000097000] 97000 size 24576
[    0.000000] Using GB pages for direct mapping
[    0.000000] init_memory_mapping: [mem 0x00000000-0x000fffff]
[    0.000000]  [mem 0x00000000-0x000fffff] page 4k
[    0.000000] BRK [0x01b2f000, 0x01b2ffff] PGTABLE
[    0.000000] BRK [0x01b30000, 0x01b30fff] PGTABLE
[    0.000000] BRK [0x01b31000, 0x01b31fff] PGTABLE
[    0.000000] init_memory_mapping: [mem 0x21fc00000-0x21fdfffff]
[    0.000000]  [mem 0x21fc00000-0x21fdfffff] page 2M
[    0.000000] BRK [0x01b32000, 0x01b32fff] PGTABLE
[    0.000000] init_memory_mapping: [mem 0x200000000-0x21fbfffff]
[    0.000000]  [mem 0x200000000-0x21fbfffff] page 2M
[    0.000000] init_memory_mapping: [mem 0x1e0000000-0x1ffffffff]
[    0.000000]  [mem 0x1e0000000-0x1ffffffff] page 1G
[    0.000000] init_memory_mapping: [mem 0x00100000-0xb9e64fff]
[    0.000000]  [mem 0x00100000-0x001fffff] page 4k
[    0.000000]  [mem 0x00200000-0x3fffffff] page 2M
[    0.000000]  [mem 0x40000000-0x7fffffff] page 1G
[    0.000000]  [mem 0x80000000-0xb9dfffff] page 2M
[    0.000000]  [mem 0xb9e00000-0xb9e64fff] page 4k
[    0.000000] init_memory_mapping: [mem 0xb9e6c000-0xbab46fff]
[    0.000000]  [mem 0xb9e6c000-0xb9ffffff] page 4k
[    0.000000]  [mem 0xba000000-0xba9fffff] page 2M
[    0.000000]  [mem 0xbaa00000-0xbab46fff] page 4k
[    0.000000] BRK [0x01b33000, 0x01b33fff] PGTABLE
[    0.000000] init_memory_mapping: [mem 0xbb065000-0xcd180fff]
[    0.000000]  [mem 0xbb065000-0xbb1fffff] page 4k
[    0.000000]  [mem 0xbb200000-0xccffffff] page 2M
[    0.000000]  [mem 0xcd000000-0xcd180fff] page 4k
[    0.000000] BRK [0x01b34000, 0x01b34fff] PGTABLE
[    0.000000] init_memory_mapping: [mem 0xcd1ea000-0xcd230fff]
[    0.000000]  [mem 0xcd1ea000-0xcd230fff] page 4k
[    0.000000] init_memory_mapping: [mem 0xcdfff000-0xcdffffff]
[    0.000000]  [mem 0xcdfff000-0xcdffffff] page 4k
[    0.000000] init_memory_mapping: [mem 0x100000000-0x1dfffffff]
[    0.000000]  [mem 0x100000000-0x1dfffffff] page 1G
[    0.000000] RAMDISK: [mem 0x378f8000-0x37c73fff]
[    0.000000] ACPI: Early table checksum verification disabled
[    0.000000] ACPI: RSDP 0x00000000CD335000 000024 (v02 ALASKA)
[    0.000000] ACPI: XSDT 0x00000000CD335088 00008C (v01 ALASKA A M I    01072009 AMI  00010013)
[    0.000000] ACPI: FACP 0x00000000CD345420 00010C (v05 ALASKA A M I    01072009 AMI  00010013)
[    0.000000] ACPI: DSDT 0x00000000CD3351A8 010274 (v02 ALASKA A M I    00000121 INTL 20120711)
[    0.000000] ACPI: FACS 0x00000000CD366F80 000040
[    0.000000] ACPI: APIC 0x00000000CD345530 000072 (v03 ALASKA A M I    01072009 AMI  00010013)
[    0.000000] ACPI: FPDT 0x00000000CD3455A8 000044 (v01 ALASKA A M I    01072009 AMI  00010013)
[    0.000000] ACPI: SSDT 0x00000000CD3455F0 000539 (v01 PmRef  Cpu0Ist  00003000 INTL 20051117)
[    0.000000] ACPI: SSDT 0x00000000CD345B30 000B74 (v01 CpuRef CpuSsdt  00003000 INTL 20051117)
[    0.000000] ACPI: SSDT 0x00000000CD3466A8 0001C7 (v01 PmRef  LakeTiny 00003000 INTL 20051117)
[    0.000000] ACPI: MCFG 0x00000000CD346870 00003C (v01 ALASKA A M I    01072009 MSFT 00000097)
[    0.000000] ACPI: HPET 0x00000000CD3468B0 000038 (v01 ALASKA A M I    01072009 AMI. 00000005)
[    0.000000] ACPI: SSDT 0x00000000CD3468E8 00036D (v01 SataRe SataTabl 00001000 INTL 20120711)
[    0.000000] ACPI: SSDT 0x00000000CD346C58 005B5E (v01 SaSsdt SaSsdt   00003000 INTL 20120711)
[    0.000000] ACPI: AAFT 0x00000000CD34C7B8 0007A7 (v01 ALASKA OEMAAFT  01072009 MSFT 00000097)
[    0.000000] ACPI: BGRT 0x00000000CD34CF60 000038 (v00 ALASKA A M I    01072009 AMI  00010013)
[    0.000000] ACPI: SSDT 0x00000000CD34CF98 000579 (v01 Intel_ IsctTabl 00001000 INTL 20120711)
[    0.000000] ACPI: Local APIC address 0xfee00000
[    0.000000] No NUMA configuration found
[    0.000000] Faking a node at [mem 0x0000000000000000-0x000000021fdfffff]
[    0.000000] NODE_DATA(0) allocated [mem 0x21fdf6000-0x21fdf9fff]
[    0.000000]  [ffffea0000000000-ffffea00087fffff] PMD -> [ffff880217800000-ffff88021f3fffff] on node 0
[    0.000000] Zone ranges:
[    0.000000]   DMA      [mem 0x0000000000001000-0x0000000000ffffff]
[    0.000000]   DMA32    [mem 0x0000000001000000-0x00000000ffffffff]
[    0.000000]   Normal   [mem 0x0000000100000000-0x000000021fdfffff]
[    0.000000] Movable zone start for each node
[    0.000000] Early memory node ranges
[    0.000000]   node   0: [mem 0x0000000000001000-0x0000000000057fff]
[    0.000000]   node   0: [mem 0x0000000000059000-0x000000000009efff]
[    0.000000]   node   0: [mem 0x0000000000100000-0x00000000b9e64fff]
[    0.000000]   node   0: [mem 0x00000000b9e6c000-0x00000000bab46fff]
[    0.000000]   node   0: [mem 0x00000000bb065000-0x00000000cd180fff]
[    0.000000]   node   0: [mem 0x00000000cd1ea000-0x00000000cd230fff]
[    0.000000]   node   0: [mem 0x00000000cdfff000-0x00000000cdffffff]
[    0.000000]   node   0: [mem 0x0000000100000000-0x000000021fdfffff]
[    0.000000] Initmem setup node 0 [mem 0x0000000000001000-0x000000021fdfffff]
[    0.000000] On node 0 totalpages: 2017857
[    0.000000]   DMA zone: 64 pages used for memmap
[    0.000000]   DMA zone: 25 pages reserved
[    0.000000]   DMA zone: 3997 pages, LIFO batch:0
[    0.000000]   DMA32 zone: 13043 pages used for memmap
[    0.000000]   DMA32 zone: 834724 pages, LIFO batch:31
[    0.000000]   Normal zone: 18424 pages used for memmap
[    0.000000]   Normal zone: 1179136 pages, LIFO batch:31
[    0.000000] Reserving Intel graphics stolen memory at 0xcf200000-0xdf1fffff
[    0.000000] ACPI: PM-Timer IO Port: 0x1808
[    0.000000] ACPI: Local APIC address 0xfee00000
[    0.000000] ACPI: LAPIC_NMI (acpi_id[0xff] high edge lint[0x1])
[    0.000000] IOAPIC[0]: apic_id 8, version 32, address 0xfec00000, GSI 0-23
[    0.000000] ACPI: INT_SRC_OVR (bus 0 bus_irq 0 global_irq 2 dfl dfl)
[    0.000000] ACPI: INT_SRC_OVR (bus 0 bus_irq 9 global_irq 9 high level)
[    0.000000] ACPI: IRQ0 used by override.
[    0.000000] ACPI: IRQ9 used by override.
[    0.000000] Using ACPI (MADT) for SMP configuration information
[    0.000000] ACPI: HPET id: 0x8086a701 base: 0xfed00000
[    0.000000] smpboot: Allowing 4 CPUs, 0 hotplug CPUs
[    0.000000] PM: Registered nosave memory: [mem 0x00000000-0x00000fff]
[    0.000000] PM: Registered nosave memory: [mem 0x00058000-0x00058fff]
[    0.000000] PM: Registered nosave memory: [mem 0x0009f000-0x0009ffff]
[    0.000000] PM: Registered nosave memory: [mem 0x000a0000-0x000fffff]
[    0.000000] PM: Registered nosave memory: [mem 0xb9e65000-0xb9e6bfff]
[    0.000000] PM: Registered nosave memory: [mem 0xbab47000-0xbb064fff]
[    0.000000] PM: Registered nosave memory: [mem 0xcd181000-0xcd1e9fff]
[    0.000000] PM: Registered nosave memory: [mem 0xcd231000-0xcd366fff]
[    0.000000] PM: Registered nosave memory: [mem 0xcd367000-0xcdf84fff]
[    0.000000] PM: Registered nosave memory: [mem 0xcdf85000-0xcdffefff]
[    0.000000] PM: Registered nosave memory: [mem 0xce000000-0xceffffff]
[    0.000000] PM: Registered nosave memory: [mem 0xcf000000-0xdf1fffff]
[    0.000000] PM: Registered nosave memory: [mem 0xdf200000-0xf7ffffff]
[    0.000000] PM: Registered nosave memory: [mem 0xf8000000-0xfbffffff]
[    0.000000] PM: Registered nosave memory: [mem 0xfc000000-0xfebfffff]
[    0.000000] PM: Registered nosave memory: [mem 0xfec00000-0xfec00fff]
[    0.000000] PM: Registered nosave memory: [mem 0xfec01000-0xfecfffff]
[    0.000000] PM: Registered nosave memory: [mem 0xfed00000-0xfed03fff]
[    0.000000] PM: Registered nosave memory: [mem 0xfed04000-0xfed1bfff]
[    0.000000] PM: Registered nosave memory: [mem 0xfed1c000-0xfed1ffff]
[    0.000000] PM: Registered nosave memory: [mem 0xfed20000-0xfedfffff]
[    0.000000] PM: Registered nosave memory: [mem 0xfee00000-0xfee00fff]
[    0.000000] PM: Registered nosave memory: [mem 0xfee01000-0xfeffffff]
[    0.000000] PM: Registered nosave memory: [mem 0xff000000-0xffffffff]
[    0.000000] e820: [mem 0xdf200000-0xf7ffffff] available for PCI devices
[    0.000000] Booting paravirtualized kernel on bare hardware
[    0.000000] clocksource refined-jiffies: mask: 0xffffffff max_cycles: 0xffffffff, max_idle_ns: 6370452778343963 ns
[    0.000000] setup_percpu: NR_CPUS:128 nr_cpumask_bits:128 nr_cpu_ids:4 nr_node_ids:1
[    0.000000] PERCPU: Embedded 33 pages/cpu @ffff88021fa00000 s95576 r8192 d31400 u524288
[    0.000000] pcpu-alloc: s95576 r8192 d31400 u524288 alloc=1*2097152
[    0.000000] pcpu-alloc: [0] 0 1 2 3 
[    0.000000] Built 1 zonelists in Node order, mobility grouping on.  Total pages: 1986301
[    0.000000] Policy zone: Normal
[    0.000000] Kernel command line: BOOT_IMAGE=/vmlinuz-linux root=UUID=67937758-a693-4621-8b26-013d99c28345 rw quiet
[    0.000000] PID hash table entries: 4096 (order: 3, 32768 bytes)
[    0.000000] xsave: enabled xstate_bv 0x7, cntxt size 0x340 using standard form
[    0.000000] AGP: Checking aperture...
[    0.000000] AGP: No AGP bridge found
[    0.000000] Calgary: detecting Calgary via BIOS EBDA area
[    0.000000] Calgary: Unable to locate Rio Grande table in EBDA - bailing!
[    0.000000] Memory: 7645140K/8071428K available (5699K kernel code, 893K rwdata, 1732K rodata, 1180K init, 1152K bss, 426288K reserved, 0K cma-reserved)
[    0.000000] SLUB: HWalign=64, Order=0-3, MinObjects=0, CPUs=4, Nodes=1
[    0.000000] Preemptible hierarchical RCU implementation.
[    0.000000] 	RCU dyntick-idle grace-period acceleration is enabled.
[    0.000000] 	RCU restricting CPUs from NR_CPUS=128 to nr_cpu_ids=4.
[    0.000000] RCU: Adjusting geometry for rcu_fanout_leaf=16, nr_cpu_ids=4
[    0.000000] NR_IRQS:8448 nr_irqs:456 16
[    0.000000] Console: colour dummy device 80x25
[    0.000000] console [tty0] enabled
[    0.000000] clocksource hpet: mask: 0xffffffff max_cycles: 0xffffffff, max_idle_ns: 133484882848 ns
[    0.000000] hpet clockevent registered
[    0.000000] tsc: Fast TSC calibration using PIT
[    0.000000] tsc: Detected 3498.977 MHz processor
[    0.000020] Calibrating delay loop (skipped), value calculated using timer frequency.. 7000.53 BogoMIPS (lpj=11663256)
[    0.000022] pid_max: default: 32768 minimum: 301
[    0.000025] ACPI: Core revision 20150410
[    0.011339] ACPI: All ACPI Tables successfully acquired
[    0.012127] Security Framework initialized
[    0.012132] Yama: becoming mindful.
[    0.012455] Dentry cache hash table entries: 1048576 (order: 11, 8388608 bytes)
[    0.013508] Inode-cache hash table entries: 524288 (order: 10, 4194304 bytes)
[    0.013970] Mount-cache hash table entries: 16384 (order: 5, 131072 bytes)
[    0.013976] Mountpoint-cache hash table entries: 16384 (order: 5, 131072 bytes)
[    0.014120] Initializing cgroup subsys blkio
[    0.014122] Initializing cgroup subsys memory
[    0.014126] Initializing cgroup subsys devices
[    0.014128] Initializing cgroup subsys freezer
[    0.014129] Initializing cgroup subsys net_cls
[    0.014144] CPU: Physical Processor ID: 0
[    0.014145] CPU: Processor Core ID: 0
[    0.014868] mce: CPU supports 9 MCE banks
[    0.014878] CPU0: Thermal monitoring enabled (TM1)
[    0.014885] process: using mwait in idle threads
[    0.014887] Last level iTLB entries: 4KB 1024, 2MB 1024, 4MB 1024
[    0.014888] Last level dTLB entries: 4KB 1024, 2MB 1024, 4MB 1024, 1GB 4
[    0.014966] Freeing SMP alternatives memory: 20K (ffffffff81a08000 - ffffffff81a0d000)
[    0.019718] ftrace: allocating 21563 entries in 85 pages
[    0.025987] x2apic: IRQ remapping doesn't support X2APIC mode
[    0.026344] ..TIMER: vector=0x30 apic1=0 pin1=2 apic2=0 pin2=0
[    0.059387] TSC deadline timer enabled
[    0.059390] smpboot: CPU0: Intel(R) Core(TM) i5-4690K CPU @ 3.50GHz (fam: 06, model: 3c, stepping: 03)
[    0.059408] Performance Events: PEBS fmt2+, 16-deep LBR, Haswell events, full-width counters, Intel PMU driver.
[    0.059421] ... version:                3
[    0.059422] ... bit width:              48
[    0.059422] ... generic registers:      8
[    0.059423] ... value mask:             0000ffffffffffff
[    0.059423] ... max period:             0000ffffffffffff
[    0.059424] ... fixed-purpose events:   3
[    0.059424] ... event mask:             00000007000000ff
[    0.079489] x86: Booting SMP configuration:
[    0.079490] .... node  #0, CPUs:      #1
[    0.093462] NMI watchdog: enabled on all CPUs, permanently consumes one hw-PMU counter.
[    0.100147]  #2 #3
[    0.134544] x86: Booted up 1 node, 4 CPUs
[    0.134547] smpboot: Total of 4 processors activated (28003.14 BogoMIPS)
[    0.137008] devtmpfs: initialized
[    0.138817] PM: Registering ACPI NVS region [mem 0xb9e65000-0xb9e6bfff] (28672 bytes)
[    0.138818] PM: Registering ACPI NVS region [mem 0xcd231000-0xcd366fff] (1269760 bytes)
[    0.138877] clocksource jiffies: mask: 0xffffffff max_cycles: 0xffffffff, max_idle_ns: 6370867519511994 ns
[    0.138929] pinctrl core: initialized pinctrl subsystem
[    0.138958] RTC time: 23:59:31, date: 09/06/15
[    0.139031] NET: Registered protocol family 16
[    0.154588] cpuidle: using governor ladder
[    0.167947] cpuidle: using governor menu
[    0.167963] ACPI FADT declares the system doesn't support PCIe ASPM, so disable it
[    0.167964] ACPI: bus type PCI registered
[    0.167965] acpiphp: ACPI Hot Plug PCI Controller Driver version: 0.5
[    0.168006] PCI: MMCONFIG for domain 0000 [bus 00-3f] at [mem 0xf8000000-0xfbffffff] (base 0xf8000000)
[    0.168008] PCI: MMCONFIG at [mem 0xf8000000-0xfbffffff] reserved in E820
[    0.168059] PCI: Using configuration type 1 for base access
[    0.168232] NMI watchdog: enabled on all CPUs, permanently consumes one hw-PMU counter.
[    0.168247] perf_event_intel: PMU erratum BJ122, BV98, HSD29 workaround disabled, HT off
[    0.181487] ACPI: Added _OSI(Module Device)
[    0.181488] ACPI: Added _OSI(Processor Device)
[    0.181489] ACPI: Added _OSI(3.0 _SCP Extensions)
[    0.181490] ACPI: Added _OSI(Processor Aggregator Device)
[    0.184929] ACPI: Executed 15 blocks of module-level executable AML code
[    0.187401] ACPI: Dynamic OEM Table Load:
[    0.187405] ACPI: SSDT 0xFFFF880215C96800 0003D3 (v01 PmRef  Cpu0Cst  00003001 INTL 20051117)
[    0.187942] ACPI: Dynamic OEM Table Load:
[    0.187945] ACPI: SSDT 0xFFFF880215C5D800 0005AA (v01 PmRef  ApIst    00003000 INTL 20051117)
[    0.188510] ACPI: Dynamic OEM Table Load:
[    0.188512] ACPI: SSDT 0xFFFF880215CA9A00 000119 (v01 PmRef  ApCst    00003000 INTL 20051117)
[    0.189520] ACPI: Interpreter enabled
[    0.189525] ACPI Exception: AE_NOT_FOUND, While evaluating Sleep State [\_S1_] (20150410/hwxface-580)
[    0.189530] ACPI Exception: AE_NOT_FOUND, While evaluating Sleep State [\_S2_] (20150410/hwxface-580)
[    0.189543] ACPI: (supports S0 S3 S4 S5)
[    0.189544] ACPI: Using IOAPIC for interrupt routing
[    0.189582] PCI: Using host bridge windows from ACPI; if necessary, use "pci=nocrs" and report a bug
[    0.189873] ACPI: Power Resource [PG00] (on)
[    0.190102] ACPI: Power Resource [PG01] (on)
[    0.190325] ACPI: Power Resource [PG02] (on)
[    0.197235] ACPI: PCI Root Bridge [PCI0] (domain 0000 [bus 00-3e])
[    0.197239] acpi PNP0A08:00: _OSC: OS supports [ExtendedConfig ASPM ClockPM Segments MSI]
[    0.197434] acpi PNP0A08:00: _OSC: platform does not support [PCIeHotplug]
[    0.197608] acpi PNP0A08:00: _OSC: OS now controls [PME AER PCIeCapability]
[    0.197609] acpi PNP0A08:00: FADT indicates ASPM is unsupported, using BIOS configuration
[    0.197859] PCI host bridge to bus 0000:00
[    0.197860] pci_bus 0000:00: root bus resource [bus 00-3e]
[    0.197862] pci_bus 0000:00: root bus resource [io  0x0000-0x0cf7 window]
[    0.197863] pci_bus 0000:00: root bus resource [io  0x0d00-0xffff window]
[    0.197864] pci_bus 0000:00: root bus resource [mem 0x000a0000-0x000bffff window]
[    0.197865] pci_bus 0000:00: root bus resource [mem 0x000d0000-0x000d3fff window]
[    0.197866] pci_bus 0000:00: root bus resource [mem 0x000d4000-0x000d7fff window]
[    0.197866] pci_bus 0000:00: root bus resource [mem 0x000d8000-0x000dbfff window]
[    0.197867] pci_bus 0000:00: root bus resource [mem 0x000dc000-0x000dffff window]
[    0.197868] pci_bus 0000:00: root bus resource [mem 0xdf200000-0xfeafffff window]
[    0.197873] pci 0000:00:00.0: [8086:0c00] type 00 class 0x060000
[    0.197932] pci 0000:00:02.0: [8086:0412] type 00 class 0x030000
[    0.197938] pci 0000:00:02.0: reg 0x10: [mem 0xf7800000-0xf7bfffff 64bit]
[    0.197943] pci 0000:00:02.0: reg 0x18: [mem 0xe0000000-0xefffffff 64bit pref]
[    0.197945] pci 0000:00:02.0: reg 0x20: [io  0xf000-0xf03f]
[    0.198001] pci 0000:00:03.0: [8086:0c0c] type 00 class 0x040300
[    0.198006] pci 0000:00:03.0: reg 0x10: [mem 0xf7e34000-0xf7e37fff 64bit]
[    0.198075] pci 0000:00:14.0: [8086:8cb1] type 00 class 0x0c0330
[    0.198089] pci 0000:00:14.0: reg 0x10: [mem 0xf7e20000-0xf7e2ffff 64bit]
[    0.198135] pci 0000:00:14.0: PME# supported from D3hot D3cold
[    0.198168] pci 0000:00:14.0: System wakeup disabled by ACPI
[    0.198194] pci 0000:00:16.0: [8086:8cba] type 00 class 0x078000
[    0.198208] pci 0000:00:16.0: reg 0x10: [mem 0xf7e3e000-0xf7e3e00f 64bit]
[    0.198258] pci 0000:00:16.0: PME# supported from D0 D3hot D3cold
[    0.198321] pci 0000:00:19.0: [8086:15a1] type 00 class 0x020000
[    0.198333] pci 0000:00:19.0: reg 0x10: [mem 0xf7e00000-0xf7e1ffff]
[    0.198339] pci 0000:00:19.0: reg 0x14: [mem 0xf7e3c000-0xf7e3cfff]
[    0.198345] pci 0000:00:19.0: reg 0x18: [io  0xf080-0xf09f]
[    0.198390] pci 0000:00:19.0: PME# supported from D0 D3hot D3cold
[    0.198422] pci 0000:00:19.0: System wakeup disabled by ACPI
[    0.198447] pci 0000:00:1a.0: [8086:8cad] type 00 class 0x0c0320
[    0.198461] pci 0000:00:1a.0: reg 0x10: [mem 0xf7e3b000-0xf7e3b3ff]
[    0.198526] pci 0000:00:1a.0: PME# supported from D0 D3hot D3cold
[    0.198560] pci 0000:00:1a.0: System wakeup disabled by ACPI
[    0.198585] pci 0000:00:1b.0: [8086:8ca0] type 00 class 0x040300
[    0.198596] pci 0000:00:1b.0: reg 0x10: [mem 0xf7e30000-0xf7e33fff 64bit]
[    0.198641] pci 0000:00:1b.0: PME# supported from D0 D3hot D3cold
[    0.198673] pci 0000:00:1b.0: System wakeup disabled by ACPI
[    0.198696] pci 0000:00:1c.0: [8086:8c90] type 01 class 0x060400
[    0.198745] pci 0000:00:1c.0: PME# supported from D0 D3hot D3cold
[    0.198792] pci 0000:00:1c.0: System wakeup disabled by ACPI
[    0.198816] pci 0000:00:1c.3: [8086:8c96] type 01 class 0x060400
[    0.198865] pci 0000:00:1c.3: PME# supported from D0 D3hot D3cold
[    0.198909] pci 0000:00:1c.3: System wakeup disabled by ACPI
[    0.198935] pci 0000:00:1c.6: [8086:8c9c] type 01 class 0x060400
[    0.198983] pci 0000:00:1c.6: PME# supported from D0 D3hot D3cold
[    0.199027] pci 0000:00:1c.6: System wakeup disabled by ACPI
[    0.199053] pci 0000:00:1d.0: [8086:8ca6] type 00 class 0x0c0320
[    0.199067] pci 0000:00:1d.0: reg 0x10: [mem 0xf7e3a000-0xf7e3a3ff]
[    0.199132] pci 0000:00:1d.0: PME# supported from D0 D3hot D3cold
[    0.199166] pci 0000:00:1d.0: System wakeup disabled by ACPI
[    0.199191] pci 0000:00:1f.0: [8086:8cc4] type 00 class 0x060100
[    0.199317] pci 0000:00:1f.2: [8086:8c82] type 00 class 0x010601
[    0.199328] pci 0000:00:1f.2: reg 0x10: [io  0xf0d0-0xf0d7]
[    0.199334] pci 0000:00:1f.2: reg 0x14: [io  0xf0c0-0xf0c3]
[    0.199339] pci 0000:00:1f.2: reg 0x18: [io  0xf0b0-0xf0b7]
[    0.199344] pci 0000:00:1f.2: reg 0x1c: [io  0xf0a0-0xf0a3]
[    0.199350] pci 0000:00:1f.2: reg 0x20: [io  0xf060-0xf07f]
[    0.199356] pci 0000:00:1f.2: reg 0x24: [mem 0xf7e39000-0xf7e397ff]
[    0.199381] pci 0000:00:1f.2: PME# supported from D3hot
[    0.199426] pci 0000:00:1f.3: [8086:8ca2] type 00 class 0x0c0500
[    0.199438] pci 0000:00:1f.3: reg 0x10: [mem 0xf7e38000-0xf7e380ff 64bit]
[    0.199454] pci 0000:00:1f.3: reg 0x20: [io  0xf040-0xf05f]
[    0.199550] acpiphp: Slot [1] registered
[    0.199553] pci 0000:00:1c.0: PCI bridge to [bus 01]
[    0.199607] pci 0000:02:00.0: [1b21:0612] type 00 class 0x010601
[    0.199623] pci 0000:02:00.0: reg 0x10: [io  0xe050-0xe057]
[    0.199632] pci 0000:02:00.0: reg 0x14: [io  0xe040-0xe043]
[    0.199642] pci 0000:02:00.0: reg 0x18: [io  0xe030-0xe037]
[    0.199652] pci 0000:02:00.0: reg 0x1c: [io  0xe020-0xe023]
[    0.199661] pci 0000:02:00.0: reg 0x20: [io  0xe000-0xe01f]
[    0.199671] pci 0000:02:00.0: reg 0x24: [mem 0xf7d00000-0xf7d001ff]
[    0.199746] pci 0000:02:00.0: System wakeup disabled by ACPI
[    0.204688] pci 0000:00:1c.3: PCI bridge to [bus 02]
[    0.204690] pci 0000:00:1c.3:   bridge window [io  0xe000-0xefff]
[    0.204693] pci 0000:00:1c.3:   bridge window [mem 0xf7d00000-0xf7dfffff]
[    0.204750] pci 0000:03:00.0: [1b21:1142] type 00 class 0x0c0330
[    0.204774] pci 0000:03:00.0: reg 0x10: [mem 0xf7c00000-0xf7c07fff 64bit]
[    0.204883] pci 0000:03:00.0: PME# supported from D3cold
[    0.204911] pci 0000:03:00.0: System wakeup disabled by ACPI
[    0.211365] pci 0000:00:1c.6: PCI bridge to [bus 03]
[    0.211369] pci 0000:00:1c.6:   bridge window [mem 0xf7c00000-0xf7cfffff]
[    0.211859] ACPI: PCI Interrupt Link [LNKA] (IRQs 3 4 5 6 10 *11 12 14 15)
[    0.211889] ACPI: PCI Interrupt Link [LNKB] (IRQs 3 4 5 6 10 11 12 14 15) *0, disabled.
[    0.211918] ACPI: PCI Interrupt Link [LNKC] (IRQs 3 4 5 6 10 *11 12 14 15)
[    0.211947] ACPI: PCI Interrupt Link [LNKD] (IRQs 3 4 5 6 *10 11 12 14 15)
[    0.211975] ACPI: PCI Interrupt Link [LNKE] (IRQs 3 4 *5 6 10 11 12 14 15)
[    0.212001] ACPI: PCI Interrupt Link [LNKF] (IRQs 3 4 5 6 10 11 12 14 15) *0, disabled.
[    0.212029] ACPI: PCI Interrupt Link [LNKG] (IRQs *3 4 5 6 10 11 12 14 15)
[    0.212056] ACPI: PCI Interrupt Link [LNKH] (IRQs 3 4 5 6 *10 11 12 14 15)
[    0.212161] ACPI: Enabled 5 GPEs in block 00 to 3F
[    0.212215] vgaarb: setting as boot device: PCI:0000:00:02.0
[    0.212216] vgaarb: device added: PCI:0000:00:02.0,decodes=io+mem,owns=io+mem,locks=none
[    0.212218] vgaarb: loaded
[    0.212219] vgaarb: bridge control possible 0000:00:02.0
[    0.212280] PCI: Using ACPI for IRQ routing
[    0.213467] PCI: pci_cache_line_size set to 64 bytes
[    0.213499] e820: reserve RAM buffer [mem 0x00058000-0x0005ffff]
[    0.213500] e820: reserve RAM buffer [mem 0x0009f000-0x0009ffff]
[    0.213501] e820: reserve RAM buffer [mem 0xb9e65000-0xbbffffff]
[    0.213502] e820: reserve RAM buffer [mem 0xbab47000-0xbbffffff]
[    0.213503] e820: reserve RAM buffer [mem 0xcd181000-0xcfffffff]
[    0.213504] e820: reserve RAM buffer [mem 0xcd231000-0xcfffffff]
[    0.213505] e820: reserve RAM buffer [mem 0xce000000-0xcfffffff]
[    0.213506] e820: reserve RAM buffer [mem 0x21fe00000-0x21fffffff]
[    0.213571] NetLabel: Initializing
[    0.213571] NetLabel:  domain hash size = 128
[    0.213572] NetLabel:  protocols = UNLABELED CIPSOv4
[    0.213579] NetLabel:  unlabeled traffic allowed by default
[    0.213591] hpet0: at MMIO 0xfed00000, IRQs 2, 8, 0, 0, 0, 0, 0, 0
[    0.213595] hpet0: 8 comparators, 64-bit 14.318180 MHz counter
[    0.215613] Switched to clocksource hpet
[    0.218803] pnp: PnP ACPI init
[    0.218881] system 00:00: [mem 0xfed40000-0xfed44fff] has been reserved
[    0.218883] system 00:00: Plug and Play ACPI device, IDs PNP0c01 (active)
[    0.218939] system 00:01: [io  0x0800-0x087f] has been reserved
[    0.218940] system 00:01: Plug and Play ACPI device, IDs PNP0c02 (active)
[    0.218980] pnp 00:02: Plug and Play ACPI device, IDs PNP0b00 (active)
[    0.219003] system 00:03: [io  0x1854-0x1857] has been reserved
[    0.219005] system 00:03: Plug and Play ACPI device, IDs INT3f0d PNP0c02 (active)
[    0.219053] system 00:04: [io  0x0290-0x029f] has been reserved
[    0.219054] system 00:04: Plug and Play ACPI device, IDs PNP0c02 (active)
[    0.219083] system 00:05: [io  0x04d0-0x04d1] has been reserved
[    0.219084] system 00:05: Plug and Play ACPI device, IDs PNP0c02 (active)
[    0.219176] pnp 00:06: [dma 0 disabled]
[    0.219205] pnp 00:06: Plug and Play ACPI device, IDs PNP0501 (active)
[    0.219478] system 00:07: [mem 0xfed1c000-0xfed1ffff] has been reserved
[    0.219480] system 00:07: [mem 0xfed10000-0xfed17fff] has been reserved
[    0.219481] system 00:07: [mem 0xfed18000-0xfed18fff] has been reserved
[    0.219482] system 00:07: [mem 0xfed19000-0xfed19fff] has been reserved
[    0.219483] system 00:07: [mem 0xf8000000-0xfbffffff] has been reserved
[    0.219484] system 00:07: [mem 0xfed20000-0xfed3ffff] has been reserved
[    0.219485] system 00:07: [mem 0xfed90000-0xfed93fff] has been reserved
[    0.219486] system 00:07: [mem 0xfed45000-0xfed8ffff] has been reserved
[    0.219487] system 00:07: [mem 0xff000000-0xffffffff] has been reserved
[    0.219488] system 00:07: [mem 0xfee00000-0xfeefffff] could not be reserved
[    0.219490] system 00:07: [mem 0xf7fe0000-0xf7feffff] has been reserved
[    0.219491] system 00:07: Plug and Play ACPI device, IDs PNP0c02 (active)
[    0.219589] pnp: PnP ACPI: found 8 devices
[    0.225410] clocksource acpi_pm: mask: 0xffffff max_cycles: 0xffffff, max_idle_ns: 2085701024 ns
[    0.225431] pci 0000:00:1c.0: PCI bridge to [bus 01]
[    0.225439] pci 0000:00:1c.3: PCI bridge to [bus 02]
[    0.225441] pci 0000:00:1c.3:   bridge window [io  0xe000-0xefff]
[    0.225444] pci 0000:00:1c.3:   bridge window [mem 0xf7d00000-0xf7dfffff]
[    0.225449] pci 0000:00:1c.6: PCI bridge to [bus 03]
[    0.225453] pci 0000:00:1c.6:   bridge window [mem 0xf7c00000-0xf7cfffff]
[    0.225459] pci_bus 0000:00: resource 4 [io  0x0000-0x0cf7 window]
[    0.225460] pci_bus 0000:00: resource 5 [io  0x0d00-0xffff window]
[    0.225461] pci_bus 0000:00: resource 6 [mem 0x000a0000-0x000bffff window]
[    0.225462] pci_bus 0000:00: resource 7 [mem 0x000d0000-0x000d3fff window]
[    0.225463] pci_bus 0000:00: resource 8 [mem 0x000d4000-0x000d7fff window]
[    0.225464] pci_bus 0000:00: resource 9 [mem 0x000d8000-0x000dbfff window]
[    0.225464] pci_bus 0000:00: resource 10 [mem 0x000dc000-0x000dffff window]
[    0.225465] pci_bus 0000:00: resource 11 [mem 0xdf200000-0xfeafffff window]
[    0.225467] pci_bus 0000:02: resource 0 [io  0xe000-0xefff]
[    0.225467] pci_bus 0000:02: resource 1 [mem 0xf7d00000-0xf7dfffff]
[    0.225468] pci_bus 0000:03: resource 1 [mem 0xf7c00000-0xf7cfffff]
[    0.225488] NET: Registered protocol family 2
[    0.225603] TCP established hash table entries: 65536 (order: 7, 524288 bytes)
[    0.225699] TCP bind hash table entries: 65536 (order: 8, 1048576 bytes)
[    0.225804] TCP: Hash tables configured (established 65536 bind 65536)
[    0.225820] UDP hash table entries: 4096 (order: 5, 131072 bytes)
[    0.225840] UDP-Lite hash table entries: 4096 (order: 5, 131072 bytes)
[    0.225875] NET: Registered protocol family 1
[    0.225885] pci 0000:00:02.0: Video device with shadowed ROM
[    0.259158] PCI: CLS 64 bytes, default 64
[    0.259188] Unpacking initramfs...
[    0.297232] Freeing initrd memory: 3568K (ffff8800378f8000 - ffff880037c74000)
[    0.297239] PCI-DMA: Using software bounce buffering for IO (SWIOTLB)
[    0.297241] software IO TLB [mem 0xbc6d4000-0xc06d4000] (64MB) mapped at [ffff8800bc6d4000-ffff8800c06d3fff]
[    0.297274] RAPL PMU detected, API unit is 2^-32 Joules, 4 fixed counters 655360 ms ovfl timer
[    0.297275] hw unit of domain pp0-core 2^-14 Joules
[    0.297276] hw unit of domain package 2^-14 Joules
[    0.297276] hw unit of domain dram 2^-14 Joules
[    0.297277] hw unit of domain pp1-gpu 2^-14 Joules
[    0.297361] microcode: CPU0 sig=0x306c3, pf=0x2, revision=0x19
[    0.297365] microcode: CPU1 sig=0x306c3, pf=0x2, revision=0x19
[    0.297370] microcode: CPU2 sig=0x306c3, pf=0x2, revision=0x19
[    0.297376] microcode: CPU3 sig=0x306c3, pf=0x2, revision=0x19
[    0.297402] microcode: Microcode Update Driver: v2.00 <tigran@aivazian.fsnet.co.uk>, Peter Oruba
[    0.297419] Scanning for low memory corruption every 60 seconds
[    0.297565] futex hash table entries: 1024 (order: 4, 65536 bytes)
[    0.297573] Initialise system trusted keyring
[    0.297771] HugeTLB registered 2 MB page size, pre-allocated 0 pages
[    0.298591] zpool: loaded
[    0.298593] zbud: loaded
[    0.298697] VFS: Disk quotas dquot_6.6.0
[    0.298717] VFS: Dquot-cache hash table entries: 512 (order 0, 4096 bytes)
[    0.298801] Key type big_key registered
[    0.298920] Block layer SCSI generic (bsg) driver version 0.4 loaded (major 252)
[    0.298944] io scheduler noop registered
[    0.298945] io scheduler deadline registered
[    0.298962] io scheduler cfq registered (default)
[    0.299284] pcieport 0000:00:1c.0: Signaling PME through PCIe PME interrupt
[    0.299287] pcie_pme 0000:00:1c.0:pcie01: service driver pcie_pme loaded
[    0.299297] pcieport 0000:00:1c.3: Signaling PME through PCIe PME interrupt
[    0.299298] pci 0000:02:00.0: Signaling PME through PCIe PME interrupt
[    0.299301] pcie_pme 0000:00:1c.3:pcie01: service driver pcie_pme loaded
[    0.299312] pcieport 0000:00:1c.6: Signaling PME through PCIe PME interrupt
[    0.299312] pci 0000:03:00.0: Signaling PME through PCIe PME interrupt
[    0.299315] pcie_pme 0000:00:1c.6:pcie01: service driver pcie_pme loaded
[    0.299319] pci_hotplug: PCI Hot Plug PCI Core version: 0.5
[    0.299329] pciehp: PCI Express Hot Plug Controller Driver version: 0.4
[    0.299338] efifb: probing for efifb
[    0.299346] efifb: framebuffer at 0xe0000000, mapped to 0xffffc90001000000, using 3072k, total 3072k
[    0.299347] efifb: mode is 1024x768x32, linelength=4096, pages=1
[    0.299347] efifb: scrolling: redraw
[    0.299348] efifb: Truecolor: size=8:8:8:8, shift=24:16:8:0
[    0.300484] Console: switching to colour frame buffer device 128x48
[    0.301569] fb0: EFI VGA frame buffer device
[    0.301574] intel_idle: MWAIT substates: 0x42120
[    0.301575] intel_idle: v0.4 model 0x3C
[    0.301576] intel_idle: lapic_timer_reliable_states 0xffffffff
[    0.301698] GHES: HEST is not enabled!
[    0.301734] Serial: 8250/16550 driver, 4 ports, IRQ sharing disabled
[    0.322273] 00:06: ttyS0 at I/O 0x3f8 (irq = 4, base_baud = 115200) is a 16550A
[    0.322524] Linux agpgart interface v0.103
[    0.322714] rtc_cmos 00:02: RTC can wake from S4
[    0.322825] rtc_cmos 00:02: rtc core: registered rtc_cmos as rtc0
[    0.322847] rtc_cmos 00:02: alarms up to one month, y3k, 242 bytes nvram, hpet irqs
[    0.322855] Intel P-state driver initializing.
[    0.322991] ledtrig-cpu: registered to indicate activity on CPUs
[    0.323912] NET: Registered protocol family 10
[    0.324384] NET: Registered protocol family 17
[    0.325501] Loading compiled-in X.509 certificates
[    0.325536] registered taskstats version 1
[    0.326799]   Magic number: 15:352:1009
[    0.326984] rtc_cmos 00:02: setting system clock to 2015-09-06 23:59:31 UTC (1441583971)
[    0.327186] PM: Hibernation image not present or could not be loaded.
[    0.327871] Freeing unused kernel memory: 1180K (ffffffff818e1000 - ffffffff81a08000)
[    0.327874] Write protecting the kernel read-only data: 8192k
[    0.328495] Freeing unused kernel memory: 432K (ffff880001594000 - ffff880001600000)
[    0.328723] Freeing unused kernel memory: 316K (ffff8800017b1000 - ffff880001800000)
[    0.343094] random: systemd-tmpfile urandom read with 1 bits of entropy available
[    0.387139] sdhci: Secure Digital Host Controller Interface driver
[    0.387142] sdhci: Copyright(c) Pierre Ossman
[    0.389461] i8042: PNP: No PS/2 controller found. Probing ports directly.
[    0.391735] serio: i8042 KBD port at 0x60,0x64 irq 1
[    0.391785] serio: i8042 AUX port at 0x60,0x64 irq 12
[    0.398764] ACPI: bus type USB registered
[    0.398793] usbcore: registered new interface driver usbfs
[    0.398805] usbcore: registered new interface driver hub
[    0.398831] usbcore: registered new device driver usb
[    0.399690] ehci_hcd: USB 2.0 'Enhanced' Host Controller (EHCI) Driver
[    0.400151] ehci-pci: EHCI PCI platform driver
[    0.400280] SCSI subsystem initialized
[    0.400310] xhci_hcd 0000:00:14.0: xHCI Host Controller
[    0.400318] xhci_hcd 0000:00:14.0: new USB bus registered, assigned bus number 1
[    0.400408] xhci_hcd 0000:00:14.0: hcc params 0x200077c1 hci version 0x100 quirks 0x00009810
[    0.400414] xhci_hcd 0000:00:14.0: cache line size of 64 is not supported
[    0.400650] hub 1-0:1.0: USB hub found
[    0.400670] hub 1-0:1.0: 14 ports detected
[    0.402411] libata version 3.00 loaded.
[    0.405291] xhci_hcd 0000:00:14.0: xHCI Host Controller
[    0.405295] xhci_hcd 0000:00:14.0: new USB bus registered, assigned bus number 2
[    0.405478] hub 2-0:1.0: USB hub found
[    0.405493] hub 2-0:1.0: 6 ports detected
[    0.410913] xhci_hcd 0000:03:00.0: xHCI Host Controller
[    0.410920] xhci_hcd 0000:03:00.0: new USB bus registered, assigned bus number 3
[    0.471512] xhci_hcd 0000:03:00.0: hcc params 0x0200e081 hci version 0x100 quirks 0x00000010
[    0.471743] hub 3-0:1.0: USB hub found
[    0.471750] hub 3-0:1.0: 2 ports detected
[    0.471818] xhci_hcd 0000:03:00.0: xHCI Host Controller
[    0.471821] xhci_hcd 0000:03:00.0: new USB bus registered, assigned bus number 4
[    0.471827] ehci-pci 0000:00:1a.0: EHCI Host Controller
[    0.471835] ehci-pci 0000:00:1a.0: new USB bus registered, assigned bus number 5
[    0.471848] ehci-pci 0000:00:1a.0: debug port 2
[    0.471875] usb usb4: We don't know the algorithms for LPM for this host, disabling LPM.
[    0.471990] hub 4-0:1.0: USB hub found
[    0.471997] hub 4-0:1.0: 2 ports detected
[    0.475767] ehci-pci 0000:00:1a.0: cache line size of 64 is not supported
[    0.475779] ehci-pci 0000:00:1a.0: irq 16, io mem 0xf7e3b000
[    0.482634] ehci-pci 0000:00:1a.0: USB 2.0 started, EHCI 1.00
[    0.482816] hub 5-0:1.0: USB hub found
[    0.482820] hub 5-0:1.0: 2 ports detected
[    0.482977] ehci-pci 0000:00:1d.0: EHCI Host Controller
[    0.482980] ehci-pci 0000:00:1d.0: new USB bus registered, assigned bus number 6
[    0.482987] ehci-pci 0000:00:1d.0: debug port 2
[    0.486887] ehci-pci 0000:00:1d.0: cache line size of 64 is not supported
[    0.486896] ehci-pci 0000:00:1d.0: irq 23, io mem 0xf7e3a000
[    0.495984] ehci-pci 0000:00:1d.0: USB 2.0 started, EHCI 1.00
[    0.496169] hub 6-0:1.0: USB hub found
[    0.496173] hub 6-0:1.0: 2 ports detected
[    0.496270] ahci 0000:00:1f.2: version 3.0
[    0.496364] ahci 0000:00:1f.2: AHCI 0001.0300 32 slots 6 ports 6 Gbps 0x8 impl SATA mode
[    0.496366] ahci 0000:00:1f.2: flags: 64bit ncq led clo pio slum part ems apst 
[    0.496929] scsi host0: ahci
[    0.497119] scsi host1: ahci
[    0.497251] scsi host2: ahci
[    0.497384] scsi host3: ahci
[    0.497510] scsi host4: ahci
[    0.497573] scsi host5: ahci
[    0.497597] ata1: DUMMY
[    0.497597] ata2: DUMMY
[    0.497598] ata3: DUMMY
[    0.497600] ata4: SATA max UDMA/133 abar m2048@0xf7e39000 port 0xf7e39280 irq 33
[    0.497600] ata5: DUMMY
[    0.497601] ata6: DUMMY
[    0.497696] ahci 0000:02:00.0: SSS flag set, parallel bus scan disabled
[    0.497729] ahci 0000:02:00.0: AHCI 0001.0200 32 slots 2 ports 6 Gbps 0x3 impl SATA mode
[    0.497730] ahci 0000:02:00.0: flags: 64bit ncq sntf stag led clo pmp pio slum part ccc sxs 
[    0.497901] scsi host6: ahci
[    0.497967] scsi host7: ahci
[    0.497992] ata7: SATA max UDMA/133 abar m512@0xf7d00000 port 0xf7d00100 irq 34
[    0.497994] ata8: SATA max UDMA/133 abar m512@0xf7d00000 port 0xf7d00180 irq 34
[    0.762958] usb 1-7: new low-speed USB device number 2 using xhci_hcd
[    0.789658] usb 5-1: new high-speed USB device number 2 using ehci-pci
[    0.803004] usb 6-1: new high-speed USB device number 2 using ehci-pci
[    0.816395] ata7: SATA link down (SStatus 0 SControl 300)
[    0.816396] ata4: SATA link up 3.0 Gbps (SStatus 123 SControl 300)
[    0.829706] usb 3-2: new low-speed USB device number 2 using xhci_hcd
[    0.858433] ata4.00: ATA-8: WDC WD3200BEVT-75ZCT2, 11.01A11, max UDMA/133
[    0.858435] ata4.00: 625142448 sectors, multi 16: LBA48 NCQ (depth 31/32), AA
[    0.860963] ata4.00: configured for UDMA/133
[    0.861120] scsi 3:0:0:0: Direct-Access     ATA      WDC WD3200BEVT-7 1A11 PQ: 0 ANSI: 5
[    0.913773] hub 5-1:1.0: USB hub found
[    0.913847] hub 5-1:1.0: 6 ports detected
[    0.927170] hub 6-1:1.0: USB hub found
[    0.927239] hub 6-1:1.0: 8 ports detected
[    0.941897] usb 1-7: ep 0x81 - rounding interval to 64 microframes, ep desc says 80 microframes
[    0.943060] hidraw: raw HID events driver (C) Jiri Kosina
[    0.944072] sd 3:0:0:0: [sda] 625142448 512-byte logical blocks: (320 GB/298 GiB)
[    0.944107] sd 3:0:0:0: [sda] Write Protect is off
[    0.944108] sd 3:0:0:0: [sda] Mode Sense: 00 3a 00 00
[    0.944136] sd 3:0:0:0: [sda] Write cache: enabled, read cache: enabled, doesn't support DPO or FUA
[    0.945966] usbcore: registered new interface driver usbhid
[    0.945967] usbhid: USB HID core driver
[    0.946244] input: Logitech USB-PS/2 Optical Mouse as /devices/pci0000:00/0000:00:14.0/usb1/1-7/1-7:1.0/0003:046D:C01B.0001/input/input2
[    0.946269] hid-generic 0003:046D:C01B.0001: input,hidraw0: USB HID v1.10 Mouse [Logitech USB-PS/2 Optical Mouse] on usb-0000:00:14.0-7/input0
[    0.948577]  sda: sda1
[    0.948754] sd 3:0:0:0: [sda] Attached SCSI disk
[    1.051227] usb 3-2: ep 0x81 - rounding interval to 64 microframes, ep desc says 80 microframes
[    1.051230] usb 3-2: ep 0x82 - rounding interval to 64 microframes, ep desc says 80 microframes
[    1.073022] input: Microsoft Natural速 Ergonomic Keyboard 4000 as /devices/pci0000:00/0000:00:1c.6/0000:03:00.0/usb3/3-2/3-2:1.0/0003:045E:00DB.0002/input/input3
[    1.100014] usb 1-8: new high-speed USB device number 3 using xhci_hcd
[    1.123490] microsoft 0003:045E:00DB.0002: input,hidraw1: USB HID v1.11 Keyboard [Microsoft Natural速 Ergonomic Keyboard 4000] on usb-0000:03:00.0-2/input0
[    1.124672] input: Microsoft Natural速 Ergonomic Keyboard 4000 as /devices/pci0000:00/0000:00:1c.6/0000:03:00.0/usb3/3-2/3-2:1.1/0003:045E:00DB.0003/input/input4
[    1.176879] microsoft 0003:045E:00DB.0003: input,hidraw2: USB HID v1.11 Device [Microsoft Natural速 Ergonomic Keyboard 4000] on usb-0000:03:00.0-2/input1
[    1.300258] tsc: Refined TSC clocksource calibration: 3498.984 MHz
[    1.300260] clocksource tsc: mask: 0xffffffffffffffff max_cycles: 0x326f9112de0, max_idle_ns: 440795205848 ns
[    1.346986] ata8: SATA link up 6.0 Gbps (SStatus 133 SControl 300)
[    1.359285] ata8.00: ATA-8: KINGSTON SV300S37A120G, 580ABBF0, max UDMA/133
[    1.359286] ata8.00: 234441648 sectors, multi 1: LBA48 NCQ (depth 31/32), AA
[    1.369013] ata8.00: configured for UDMA/133
[    1.369083] scsi 7:0:0:0: Direct-Access     ATA      KINGSTON SV300S3 BBF0 PQ: 0 ANSI: 5
[    1.369186] sd 7:0:0:0: [sdb] 234441648 512-byte logical blocks: (120 GB/111 GiB)
[    1.369489] sd 7:0:0:0: [sdb] Write Protect is off
[    1.369491] sd 7:0:0:0: [sdb] Mode Sense: 00 3a 00 00
[    1.369589] sd 7:0:0:0: [sdb] Write cache: enabled, read cache: enabled, doesn't support DPO or FUA
[    1.371042]  sdb: sdb1 sdb2
[    1.371513] sd 7:0:0:0: [sdb] Attached SCSI disk
[    1.670313] EXT4-fs (sdb2): mounted filesystem with ordered data mode. Opts: (null)
[    1.735661] ip_tables: (C) 2000-2006 Netfilter Core Team
[    1.735687] systemd[1]: Inserted module 'ip_tables'
[    1.743524] systemd[1]: systemd 224 running in system mode. (+PAM -AUDIT -SELINUX -IMA -APPARMOR +SMACK -SYSVINIT +UTMP +LIBCRYPTSETUP +GCRYPT +GNUTLS +ACL +XZ +LZ4 +SECCOMP +BLKID -ELFUTILS +KMOD +IDN)
[    1.743600] systemd[1]: Detected architecture x86-64.
[    1.743848] systemd[1]: Set hostname to <roadrunner>.
[    1.806645] systemd[1]: display-manager.service: Cannot add dependency job, ignoring: Unit display-manager.service failed to load: No such file or directory.
[    1.806957] systemd[1]: Set up automount Arbitrary Executable File Formats File System Automount Point.
[    1.807000] systemd[1]: Started Dispatch Password Requests to Console Directory Watch.
[    1.807008] systemd[1]: Reached target Swap.
[    1.807118] systemd[1]: Created slice Root Slice.
[    1.807174] systemd[1]: Created slice System Slice.
[    1.807228] systemd[1]: Created slice system-systemd\x2dfsck.slice.
[    1.807276] systemd[1]: Created slice system-dhcpcd.slice.
[    1.809522] systemd[1]: Listening on LVM2 metadata daemon socket.
[    1.809544] systemd[1]: Listening on udev Control Socket.
[    1.809598] systemd[1]: Created slice User and Session Slice.
[    1.809607] systemd[1]: Reached target Slices.
[    1.809629] systemd[1]: Listening on Journal Socket.
[    1.809818] systemd[1]: Starting Setup Virtual Console...
[    1.810050] systemd[1]: Mounting Huge Pages File System...
[    1.811770] systemd[1]: Starting Set Up Additional Binary Formats...
[    1.812043] systemd[1]: Starting Create list of required static device nodes for the current kernel...
[    1.813634] systemd[1]: Mounting Temporary Directory...
[    1.813877] systemd[1]: Mounting Debug File System...
[    1.813909] systemd[1]: Listening on Journal Socket (/dev/log).
[    1.815050] systemd[1]: Starting Apply Kernel Variables...
[    1.815275] systemd[1]: Mounting Configuration File System...
[    1.815290] systemd[1]: Reached target Remote File Systems.
[    1.815350] systemd[1]: Created slice system-getty.slice.
[    1.815373] systemd[1]: Listening on udev Kernel Socket.
[    1.815404] systemd[1]: Started Forward Password Requests to Wall Directory Watch.
[    1.815413] systemd[1]: Reached target Paths.
[    1.815601] systemd[1]: Starting Journal Service...
[    1.815612] systemd[1]: Reached target Encrypted Volumes.
[    1.815639] systemd[1]: Listening on Device-mapper event daemon FIFOs.
[    1.815657] systemd[1]: Listening on /dev/initctl Compatibility Named Pipe.
[    1.815854] systemd[1]: Mounting POSIX Message Queue File System...
[    1.816055] systemd[1]: Starting Remount Root and Kernel File Systems...
[    1.816487] systemd[1]: Started Create list of required static device nodes for the current kernel.
[    1.816533] systemd[1]: proc-sys-fs-binfmt_misc.automount: Got automount request for /proc/sys/fs/binfmt_misc, triggered by 183 (systemd-binfmt)
[    1.817233] systemd[1]: Mounting Arbitrary Executable File Formats File System...
[    1.821957] systemd[1]: Started Setup Virtual Console.
[    1.824394] systemd[1]: Mounted Configuration File System.
[    1.824410] systemd[1]: Mounted Debug File System.
[    1.824610] systemd[1]: Mounted POSIX Message Queue File System.
[    1.824774] EXT4-fs (sdb2): re-mounted. Opts: data=ordered
[    1.824812] systemd[1]: Started Apply Kernel Variables.
[    1.825025] systemd[1]: Mounted Huge Pages File System.
[    1.825075] systemd[1]: Mounted Temporary Directory.
[    1.825216] systemd[1]: Started Remount Root and Kernel File Systems.
[    1.825296] systemd[1]: Mounted Arbitrary Executable File Formats File System.
[    1.827007] systemd[1]: Started Set Up Additional Binary Formats.
[    1.832922] systemd[1]: Starting udev Coldplug all Devices...
[    1.833186] systemd[1]: Starting Create Static Device Nodes in /dev...
[    1.833397] systemd[1]: Starting Load/Save Random Seed...
[    1.840497] systemd[1]: Started Load/Save Random Seed.
[    1.842796] systemd-journald[191]: File /var/log/journal/62dda51c3ca24f4e8b9eade270d4c9d3/system.journal corrupted or uncleanly shut down, renaming and replacing.
[    1.850529] systemd[1]: Started Create Static Device Nodes in /dev.
[    1.850579] systemd[1]: Reached target Local File Systems (Pre).
[    1.850841] systemd[1]: Starting udev Kernel Device Manager...
[    1.858898] systemd[1]: Started udev Coldplug all Devices.
[    1.867970] systemd[1]: Started udev Kernel Device Manager.
[    1.877685] input: Power Button as /devices/LNXSYSTM:00/LNXSYBUS:00/PNP0C0C:00/input/input5
[    1.877689] ACPI: Power Button [PWRB]
[    1.877714] input: Sleep Button as /devices/LNXSYSTM:00/LNXSYBUS:00/PNP0C0E:00/input/input6
[    1.877715] ACPI: Sleep Button [SLPB]
[    1.877738] input: Power Button as /devices/LNXSYSTM:00/LNXPWRBN:00/input/input7
[    1.877739] ACPI: Power Button [PWRF]
[    1.884422] wmi: Mapper loaded
[    1.889356] systemd[1]: Started Journal Service.
[    1.893645] systemd-journald[191]: Received request to flush runtime journal from PID 1
[    1.924899] pps_core: LinuxPPS API ver. 1 registered
[    1.924901] pps_core: Software ver. 5.3.6 - Copyright 2005-2007 Rodolfo Giometti <giometti@linux.it>
[    1.925566] shpchp: Standard Hot Plug PCI Controller Driver version: 0.4
[    1.926384] PTP clock support registered
[    1.928428] media: Linux media interface: v0.10
[    1.929300] mousedev: PS/2 mouse device common for all mice
[    1.930555] ACPI Warning: SystemIO range 0x000000000000F040-0x000000000000F05F conflicts with OpRegion 0x000000000000F040-0x000000000000F04F (\_SB_.PCI0.SBUS.SMBI) (20150410/utaddress-254)
[    1.930559] ACPI: If an ACPI driver is available for this device, you should use it instead of the native driver
[    1.932598] Linux video capture interface: v2.00
[    1.936611] [drm] Initialized drm 1.1.0 20060810
[    1.954053] snd_hda_intel 0000:00:03.0: enabling device (0000 -> 0002)
[    1.954169] snd_hda_intel 0000:00:1b.0: enabling device (0000 -> 0002)
[    1.959000] input: PC Speaker as /devices/platform/pcspkr/input/input8
[    1.960890] e1000e: Intel(R) PRO/1000 Network Driver - 2.3.2-k
[    1.960892] e1000e: Copyright(c) 1999 - 2014 Intel Corporation.
[    1.961028] e1000e 0000:00:19.0: Interrupt Throttling Rate (ints/sec) set to dynamic conservative mode
[    1.963177] AVX2 version of gcm_enc/dec engaged.
[    1.963179] AES CTR mode by8 optimization enabled
[    1.969117] snd_hda_codec_realtek hdaudioC2D0: ALC1150: SKU not ready 0x00000000
[    1.969598] snd_hda_codec_realtek hdaudioC2D0: autoconfig for ALC1150: line_outs=3 (0x14/0x15/0x16/0x0/0x0) type:line
[    1.969599] snd_hda_codec_realtek hdaudioC2D0:    speaker_outs=0 (0x0/0x0/0x0/0x0/0x0)
[    1.969600] snd_hda_codec_realtek hdaudioC2D0:    hp_outs=1 (0x1b/0x0/0x0/0x0/0x0)
[    1.969601] snd_hda_codec_realtek hdaudioC2D0:    mono: mono_out=0x0
[    1.969601] snd_hda_codec_realtek hdaudioC2D0:    dig-out=0x1e/0x0
[    1.969602] snd_hda_codec_realtek hdaudioC2D0:    inputs:
[    1.969603] snd_hda_codec_realtek hdaudioC2D0:      Front Mic=0x19
[    1.969604] snd_hda_codec_realtek hdaudioC2D0:      Rear Mic=0x18
[    1.969605] snd_hda_codec_realtek hdaudioC2D0:      Line=0x1a
[    1.981521] input: HDA Digital PCBeep as /devices/pci0000:00/0000:00:1b.0/sound/card2/input10
[    1.982206] input: HDA Intel PCH Front Mic as /devices/pci0000:00/0000:00:1b.0/sound/card2/input11
[    1.982243] input: HDA Intel PCH Rear Mic as /devices/pci0000:00/0000:00:1b.0/sound/card2/input12
[    1.982297] input: HDA Intel PCH Line as /devices/pci0000:00/0000:00:1b.0/sound/card2/input13
[    1.982331] input: HDA Intel PCH Line Out Front as /devices/pci0000:00/0000:00:1b.0/sound/card2/input14
[    1.982363] input: HDA Intel PCH Line Out Surround as /devices/pci0000:00/0000:00:1b.0/sound/card2/input15
[    1.982393] input: HDA Intel PCH Line Out CLFE as /devices/pci0000:00/0000:00:1b.0/sound/card2/input16
[    1.982426] input: HDA Intel PCH Front Headphone as /devices/pci0000:00/0000:00:1b.0/sound/card2/input17
[    1.991655] iTCO_vendor_support: vendor-support=0
[    1.992243] iTCO_wdt: Intel TCO WatchDog Timer Driver v1.11
[    1.992274] iTCO_wdt: Found a 9 Series TCO device (Version=2, TCOBASE=0x1860)
[    1.992345] iTCO_wdt: initialized. heartbeat=30 sec (nowayout=0)
[    2.004320] intel_rapl: Found RAPL domain package
[    2.004324] intel_rapl: Found RAPL domain core
[    2.004328] intel_rapl: Found RAPL domain uncore
[    2.004330] intel_rapl: Found RAPL domain dram
[    2.036476] usb 1-8: USB disconnect, device number 3
[    2.055832] nct6775: Found NCT6791D or compatible chip at 0x2e:0x290
[    2.129932] e1000e 0000:00:19.0 eth0: registered PHC clock
[    2.129935] e1000e 0000:00:19.0 eth0: (PCI Express:2.5GT/s:Width x1) d0:50:99:3d:dd:85
[    2.129936] e1000e 0000:00:19.0 eth0: Intel(R) PRO/1000 Network Connection
[    2.129962] e1000e 0000:00:19.0 eth0: MAC: 11, PHY: 12, PBA No: FFFFFF-0FF
[    2.130407] [drm] Memory usable by graphics device = 2048M
[    2.130410] checking generic (e0000000 300000) vs hw (e0000000 10000000)
[    2.130411] fb: switching to inteldrmfb from EFI VGA
[    2.130448] Console: switching to colour dummy device 80x25
[    2.130556] [drm] Replacing VGA console driver
[    2.131473] e1000e 0000:00:19.0 enp0s25: renamed from eth0
[    2.137002] [drm] Supports vblank timestamp caching Rev 2 (21.10.2013).
[    2.137003] [drm] Driver supports precise vblank timestamp query.
[    2.137060] vgaarb: device changed decodes: PCI:0000:00:02.0,olddecodes=io+mem,decodes=io+mem:owns=io+mem
[    2.161712] cfg80211: Calling CRDA to update world regulatory domain
[    2.198739] ACPI: Video Device [GFX0] (multi-head: yes  rom: no  post: no)
[    2.199080] acpi device:16: registered as cooling_device5
[    2.199147] input: Video Bus as /devices/LNXSYSTM:00/LNXSYBUS:00/PNP0A08:00/LNXVIDEO:00/input/input18
[    2.199301] snd_hda_intel 0000:00:03.0: bound 0000:00:02.0 (ops i915_audio_component_bind_ops [i915])
[    2.199304] [drm] Initialized i915 1.6.0 20150327 for 0000:00:02.0 on minor 0
[    2.237473] fbcon: inteldrmfb (fb0) is primary device
[    2.286313] Console: switching to colour frame buffer device 320x90
[    2.291019] i915 0000:00:02.0: fb0: inteldrmfb frame buffer device
[    2.291019] i915 0000:00:02.0: registered panic notifier
[    2.301625] Switched to clocksource tsc
[    2.318788] input: HDA Intel HDMI HDMI/DP,pcm=3 as /devices/pci0000:00/0000:00:03.0/sound/card1/input19
[    2.318838] input: HDA Intel HDMI HDMI/DP,pcm=7 as /devices/pci0000:00/0000:00:03.0/sound/card1/input20
[    2.318865] input: HDA Intel HDMI HDMI/DP,pcm=8 as /devices/pci0000:00/0000:00:03.0/sound/card1/input21
[    2.388279] IPv6: ADDRCONF(NETDEV_UP): enp0s25: link is not ready
[    2.532820] random: nonblocking pool is initialized
[    2.753372] EXT4-fs (sda1): mounted filesystem with ordered data mode. Opts: data=ordered
[    3.878363] e1000e: enp0s25 NIC Link is Up 100 Mbps Full Duplex, Flow Control: Rx/Tx
[    3.878366] e1000e 0000:00:19.0 enp0s25: 10/100 speed: disabling TSO
[    3.878394] IPv6: ADDRCONF(NETDEV_CHANGE): enp0s25: link becomes ready
[    5.314961] cfg80211: Calling CRDA to update world regulatory domain
[    7.040397] usb 1-8: 3:2: cannot get freq at ep 0x86
[    7.040853] usb 1-8: 3:3: cannot set freq 32000 to ep 0x86
[    7.041303] usb 1-8: 3:4: cannot set freq 48000 to ep 0x86
[    7.041761] usb 1-8: 5:2: cannot get min/max values for control 2 (id 5)
[    7.041949] usbcore: registered new interface driver snd-usb-audio
[    7.041981] uvcvideo: Found UVC 1.00 device <unnamed> (046d:0825)
[    7.042639] uvcvideo: UVC non compliance - GET_DEF(PROBE) not supported. Enabling workaround.
[    7.042641] uvcvideo: Failed to query (129) UVC probe control : -19 (exp. 26).
[    7.042674] uvcvideo: Failed to initialize the device (-5).
[    7.042911] usbcore: registered new interface driver uvcvideo
[    7.042912] USB Video Class driver (1.1.1)
[    7.320646] usb 1-8: new high-speed USB device number 4 using xhci_hcd
[    8.472043] cfg80211: Calling CRDA to update world regulatory domain
[   11.622390] cfg80211: Calling CRDA to update world regulatory domain
[   12.714136] uvcvideo: Found UVC 1.00 device <unnamed> (046d:0825)
[   12.728555] input: UVC Camera (046d:0825) as /devices/pci0000:00/0000:00:14.0/usb1/1-8/1-8:1.0/input/input22
[   14.772696] cfg80211: Calling CRDA to update world regulatory domain
[   17.736274] usb 1-8: 3:1: cannot get freq at ep 0x86
[   17.923065] cfg80211: Calling CRDA to update world regulatory domain
[   21.073415] cfg80211: Calling CRDA to update world regulatory domain
[   24.223819] cfg80211: Calling CRDA to update world regulatory domain
[   27.374160] cfg80211: Calling CRDA to update world regulatory domain
[   27.748015] usb 1-8: 3:2: cannot set freq 24000 to ep 0x86
[   30.524514] cfg80211: Calling CRDA to update world regulatory domain
[   33.674883] cfg80211: Calling CRDA to update world regulatory domain
[   36.825270] cfg80211: Exceeded CRDA call max attempts. Not calling CRDA
[   37.759705] usb 1-8: 3:3: cannot set freq 32000 to ep 0x86
[   39.435239] snd_hda_intel 0000:00:1b.0: IRQ timing workaround is activated for card #2. Suggest a bigger bdl_pos_adj.
[   47.771447] usb 1-8: 3:4: cannot set freq 48000 to ep 0x86
[  102.833456] usb 1-8: 5:2: cannot get min/max values for control 2 (id 5)
[  102.833952] usb 1-8: USB disconnect, device number 4
[  103.147073] usb 1-8: new high-speed USB device number 5 using xhci_hcd
[  103.541544] uvcvideo: Found UVC 1.00 device <unnamed> (046d:0825)
[  103.556081] input: UVC Camera (046d:0825) as /devices/pci0000:00/0000:00:14.0/usb1/1-8/1-8:1.0/input/input23
[  108.563408] usb 1-8: 3:1: cannot get freq at ep 0x86
[  118.575056] usb 1-8: 3:2: cannot set freq 24000 to ep 0x86
[  128.586806] usb 1-8: 3:3: cannot set freq 32000 to ep 0x86
[  138.599974] usb 1-8: 3:4: cannot set freq 48000 to ep 0x86
[  193.668620] usb 1-8: 5:2: cannot get min/max values for control 2 (id 5)
[  193.668968] usb 1-8: USB disconnect, device number 5
[  193.985655] usb 1-8: new high-speed USB device number 6 using xhci_hcd
[  199.171949] usb 1-8: device descriptor read/all, error -110
[  199.332115] usb 1-8: new high-speed USB device number 7 using xhci_hcd
[  199.723002] uvcvideo: Found UVC 1.00 device <unnamed> (046d:0825)
[  199.737465] input: UVC Camera (046d:0825) as /devices/pci0000:00/0000:00:14.0/usb1/1-8/1-8:1.0/input/input24
[  201.081962] usb 1-8: set resolution quirk: cval->res = 384
[  675.931161] PM: Syncing filesystems ... done.
[  675.935398] PM: Preparing system for mem sleep
[  675.935510] Freezing user space processes ... (elapsed 0.001 seconds) done.
[  675.936662] Freezing remaining freezable tasks ... (elapsed 0.001 seconds) done.
[  675.937709] PM: Entering mem sleep
[  675.937725] Suspending console(s) (use no_console_suspend to debug)
[  675.939300] sd 7:0:0:0: [sdb] Synchronizing SCSI cache
[  675.939384] sd 7:0:0:0: [sdb] Stopping disk
[  675.939896] sd 3:0:0:0: [sda] Synchronizing SCSI cache
[  675.939989] sd 3:0:0:0: [sda] Stopping disk
[  675.962789] serial 00:06: disabled
[  675.962791] serial 00:06: System wakeup disabled by ACPI
[  675.963062] e1000e: EEE TX LPI TIMER: 00000011
[  676.590900] PM: suspend of devices complete after 652.313 msecs
[  676.597566] PM: late suspend of devices complete after 6.654 msecs
[  676.597981] xhci_hcd 0000:03:00.0: System wakeup enabled by ACPI
[  676.598013] ehci-pci 0000:00:1d.0: System wakeup enabled by ACPI
[  676.598142] ehci-pci 0000:00:1a.0: System wakeup enabled by ACPI
[  676.598189] e1000e 0000:00:19.0: System wakeup enabled by ACPI
[  676.598253] xhci_hcd 0000:00:14.0: System wakeup enabled by ACPI
[  676.610887] PM: noirq suspend of devices complete after 13.304 msecs
[  676.611074] ACPI: Preparing to enter system sleep state S3
[  677.018097] PM: Saving platform NVS memory
[  677.018102] Disabling non-boot CPUs ...
[  677.018129] intel_pstate CPU 1 exiting
[  677.019283] kvm: disabling virtualization on CPU1
[  677.019291] smpboot: CPU 1 is now offline
[  677.019525] intel_pstate CPU 2 exiting
[  677.020682] kvm: disabling virtualization on CPU2
[  677.020690] smpboot: CPU 2 is now offline
[  677.020923] intel_pstate CPU 3 exiting
[  677.022241] kvm: disabling virtualization on CPU3
[  677.022277] smpboot: CPU 3 is now offline
[  677.024382] ACPI: Low-level resume complete
[  677.024417] PM: Restoring platform NVS memory
[  677.024752] Enabling non-boot CPUs ...
[  677.024779] x86: Booting SMP configuration:
[  677.024780] smpboot: Booting Node 0 Processor 1 APIC 0x2
[  677.036691] kvm: enabling virtualization on CPU1
[  677.038792]  cache: parent cpu1 should not be sleeping
[  677.038866] CPU1 is up
[  677.038876] smpboot: Booting Node 0 Processor 2 APIC 0x4
[  677.050676] kvm: enabling virtualization on CPU2
[  677.052783]  cache: parent cpu2 should not be sleeping
[  677.052849] CPU2 is up
[  677.052860] smpboot: Booting Node 0 Processor 3 APIC 0x6
[  677.064658] kvm: enabling virtualization on CPU3
[  677.066768]  cache: parent cpu3 should not be sleeping
[  677.066835] CPU3 is up
[  677.069050] ACPI: Waking up from system sleep state S3
[  677.069852] xhci_hcd 0000:00:14.0: System wakeup disabled by ACPI
[  677.070075] xhci_hcd 0000:03:00.0: System wakeup disabled by ACPI
[  677.080011] ehci-pci 0000:00:1a.0: System wakeup disabled by ACPI
[  677.083342] ehci-pci 0000:00:1d.0: System wakeup disabled by ACPI
[  677.083425] PM: noirq resume of devices complete after 13.668 msecs
[  677.150195] PM: early resume of devices complete after 66.650 msecs
[  677.150340] e1000e 0000:00:19.0: System wakeup disabled by ACPI
[  677.150444] rtc_cmos 00:02: System wakeup disabled by ACPI
[  677.150543] usb usb3: root hub lost power or was reset
[  677.150544] usb usb4: root hub lost power or was reset
[  677.150785] serial 00:06: activated
[  677.165628] sd 3:0:0:0: [sda] Starting disk
[  677.165635] sd 7:0:0:0: [sdb] Starting disk
[  677.214314] snd_hda_codec_hdmi hdaudioC1D0: HDMI: Unknown ELD version 0
[  677.216263] snd_hda_codec_hdmi hdaudioC1D0: HDMI: Unknown ELD version 0
[  677.218047] snd_hda_codec_hdmi hdaudioC1D0: HDMI: Unknown ELD version 0
[  677.259154] input input2: event field not found
[  677.259154] input input2: event field not found
[  677.259155] input input2: event field not found
[  677.259155] input input2: event field not found
[  677.259155] input input2: event field not found
[  677.259156] input input2: event field not found
[  677.259156] input input2: event field not found
[  677.417196] usb 1-8: reset high-speed USB device number 7 using xhci_hcd
[  677.480426] ata7: SATA link down (SStatus 0 SControl 300)
[  677.515522] snd_hda_codec_hdmi hdaudioC1D0: HDMI: Unknown ELD version 0
[  677.647313] ata8: SATA link up 6.0 Gbps (SStatus 133 SControl 300)
[  677.669150] ata8.00: configured for UDMA/133
[  677.674175] usb 3-2: reset low-speed USB device number 2 using xhci_hcd
[  677.815875] snd_hda_codec_hdmi hdaudioC1D0: HDMI: Unknown ELD version 0
[  677.979856] usb 3-2: ep 0x81 - rounding interval to 64 microframes, ep desc says 80 microframes
[  677.979858] usb 3-2: ep 0x82 - rounding interval to 64 microframes, ep desc says 80 microframes
[  678.001895] PM: resume of devices complete after 850.694 msecs
[  678.002058] PM: Finishing wakeup.
[  678.002059] Restarting tasks ... done.
[  678.004645] video LNXVIDEO:00: Restoring backlight state
[  678.116207] snd_hda_codec_hdmi hdaudioC1D0: HDMI: Unknown ELD version 0
[  678.416581] snd_hda_codec_hdmi hdaudioC1D0: HDMI: Unknown ELD version 0
[  678.716955] snd_hda_codec_hdmi hdaudioC1D0: HDMI: Unknown ELD version 0
[  678.857134] e1000e: enp0s25 NIC Link is Up 100 Mbps Full Duplex, Flow Control: Rx/Tx
[  678.857137] e1000e 0000:00:19.0 enp0s25: 10/100 speed: disabling TSO
[  679.017265] snd_hda_codec_hdmi hdaudioC1D0: HDMI: Unknown ELD version 0
[  679.317638] snd_hda_codec_hdmi hdaudioC1D0: HDMI: Unknown ELD version 0
[  680.313755] ata4: SATA link up 3.0 Gbps (SStatus 123 SControl 300)
[  680.333304] ata4.00: configured for UDMA/133
[  734.226690] usb 1-8: USB disconnect, device number 7
[  739.229691] usb 1-8: 3:4: cannot get freq at ep 0x86
[  739.229725] usb 1-8: cannot submit urb 0, error -19: no device
[  739.509925] usb 1-8: new high-speed USB device number 8 using xhci_hcd
[  739.903987] uvcvideo: Found UVC 1.00 device <unnamed> (046d:0825)
[  739.918483] input: UVC Camera (046d:0825) as /devices/pci0000:00/0000:00:14.0/usb1/1-8/1-8:1.0/input/input28
[  744.926286] usb 1-8: 3:1: cannot get freq at ep 0x86
[  754.938729] usb 1-8: 3:2: cannot set freq 24000 to ep 0x86
[  764.950634] usb 1-8: 3:3: cannot set freq 32000 to ep 0x86
[  774.962253] usb 1-8: 3:4: cannot set freq 48000 to ep 0x86
[  830.027352] usb 1-8: 5:2: cannot get min/max values for control 2 (id 5)
[  830.027655] usb 1-8: USB disconnect, device number 8
[  830.344377] usb 1-8: new high-speed USB device number 9 using xhci_hcd
[  830.735228] uvcvideo: Found UVC 1.00 device <unnamed> (046d:0825)
[  830.749768] input: UVC Camera (046d:0825) as /devices/pci0000:00/0000:00:14.0/usb1/1-8/1-8:1.0/input/input29
[  832.093681] usb 1-8: set resolution quirk: cval->res = 384
[ 3293.885632] PM: Syncing filesystems ... done.
[ 3293.892909] PM: Preparing system for mem sleep
[ 3293.893024] Freezing user space processes ... (elapsed 0.001 seconds) done.
[ 3293.894296] Freezing remaining freezable tasks ... (elapsed 0.001 seconds) done.
[ 3293.895408] PM: Entering mem sleep
[ 3293.895424] Suspending console(s) (use no_console_suspend to debug)
[ 3293.897012] sd 7:0:0:0: [sdb] Synchronizing SCSI cache
[ 3293.897043] sd 7:0:0:0: [sdb] Stopping disk
[ 3293.897158] sd 3:0:0:0: [sda] Synchronizing SCSI cache
[ 3293.897253] sd 3:0:0:0: [sda] Stopping disk
[ 3293.920537] serial 00:06: disabled
[ 3293.920539] serial 00:06: System wakeup disabled by ACPI
[ 3293.920842] e1000e: EEE TX LPI TIMER: 00000011
[ 3294.566660] PM: suspend of devices complete after 670.362 msecs
[ 3294.569968] PM: late suspend of devices complete after 3.301 msecs
[ 3294.570426] xhci_hcd 0000:03:00.0: System wakeup enabled by ACPI
[ 3294.570475] ehci-pci 0000:00:1d.0: System wakeup enabled by ACPI
[ 3294.570579] ehci-pci 0000:00:1a.0: System wakeup enabled by ACPI
[ 3294.570598] e1000e 0000:00:19.0: System wakeup enabled by ACPI
[ 3294.570704] xhci_hcd 0000:00:14.0: System wakeup enabled by ACPI
[ 3294.583306] PM: noirq suspend of devices complete after 13.321 msecs
[ 3294.583493] ACPI: Preparing to enter system sleep state S3
[ 3294.990518] PM: Saving platform NVS memory
[ 3294.990523] Disabling non-boot CPUs ...
[ 3294.990551] intel_pstate CPU 1 exiting
[ 3294.991708] kvm: disabling virtualization on CPU1
[ 3294.991717] smpboot: CPU 1 is now offline
[ 3294.991983] intel_pstate CPU 2 exiting
[ 3294.993137] kvm: disabling virtualization on CPU2
[ 3294.993145] smpboot: CPU 2 is now offline
[ 3294.993419] intel_pstate CPU 3 exiting
[ 3294.994592] kvm: disabling virtualization on CPU3
[ 3294.994637] smpboot: CPU 3 is now offline
[ 3294.996786] ACPI: Low-level resume complete
[ 3294.996822] PM: Restoring platform NVS memory
[ 3294.997156] Enabling non-boot CPUs ...
[ 3294.997184] x86: Booting SMP configuration:
[ 3294.997185] smpboot: Booting Node 0 Processor 1 APIC 0x2
[ 3295.009094] kvm: enabling virtualization on CPU1
[ 3295.011199]  cache: parent cpu1 should not be sleeping
[ 3295.011277] CPU1 is up
[ 3295.011287] smpboot: Booting Node 0 Processor 2 APIC 0x4
[ 3295.023087] kvm: enabling virtualization on CPU2
[ 3295.025193]  cache: parent cpu2 should not be sleeping
[ 3295.025264] CPU2 is up
[ 3295.025274] smpboot: Booting Node 0 Processor 3 APIC 0x6
[ 3295.037073] kvm: enabling virtualization on CPU3
[ 3295.039183]  cache: parent cpu3 should not be sleeping
[ 3295.039252] CPU3 is up
[ 3295.041467] ACPI: Waking up from system sleep state S3
[ 3295.042262] xhci_hcd 0000:00:14.0: System wakeup disabled by ACPI
[ 3295.042495] xhci_hcd 0000:03:00.0: System wakeup disabled by ACPI
[ 3295.052421] ehci-pci 0000:00:1a.0: System wakeup disabled by ACPI
[ 3295.055755] ehci-pci 0000:00:1d.0: System wakeup disabled by ACPI
[ 3295.055828] PM: noirq resume of devices complete after 13.663 msecs
[ 3295.127519] PM: early resume of devices complete after 71.582 msecs
[ 3295.127696] e1000e 0000:00:19.0: System wakeup disabled by ACPI
[ 3295.127763] rtc_cmos 00:02: System wakeup disabled by ACPI
[ 3295.127847] usb usb3: root hub lost power or was reset
[ 3295.127848] usb usb4: root hub lost power or was reset
[ 3295.128106] serial 00:06: activated
[ 3295.189253] sd 3:0:0:0: [sda] Starting disk
[ 3295.189262] sd 7:0:0:0: [sdb] Starting disk
[ 3295.231444] input input2: event field not found
[ 3295.231445] input input2: event field not found
[ 3295.231445] input input2: event field not found
[ 3295.231446] input input2: event field not found
[ 3295.231446] input input2: event field not found
[ 3295.231446] input input2: event field not found
[ 3295.231447] input input2: event field not found
[ 3295.389611] usb 1-8: reset high-speed USB device number 9 using xhci_hcd
[ 3295.469529] ata7: SATA link down (SStatus 0 SControl 300)
[ 3295.636368] ata8: SATA link up 6.0 Gbps (SStatus 133 SControl 300)
[ 3295.649879] usb 3-2: reset low-speed USB device number 2 using xhci_hcd
[ 3295.655613] ata8.00: configured for UDMA/133
[ 3295.779492] restoring control 00000000-0000-0000-0000-000000000101/10/5
[ 3295.958676] usb 3-2: ep 0x81 - rounding interval to 64 microframes, ep desc says 80 microframes
[ 3295.958678] usb 3-2: ep 0x82 - rounding interval to 64 microframes, ep desc says 80 microframes
[ 3295.980689] PM: resume of devices complete after 852.176 msecs
[ 3295.980793] PM: Finishing wakeup.
[ 3295.980794] Restarting tasks ... done.
[ 3295.989413] video LNXVIDEO:00: Restoring backlight state
[ 3296.836201] e1000e: enp0s25 NIC Link is Up 100 Mbps Full Duplex, Flow Control: Rx/Tx
[ 3296.836205] e1000e 0000:00:19.0 enp0s25: 10/100 speed: disabling TSO
[ 3298.256068] ata4: SATA link up 3.0 Gbps (SStatus 123 SControl 300)
[ 3298.266319] ata4.00: configured for UDMA/133
[ 3319.955788] usb 1-8: USB disconnect, device number 9
[ 3324.960506] usb 1-8: 3:4: cannot get freq at ep 0x86
[ 3324.960547] usb 1-8: cannot submit urb 0, error -19: no device
[ 3325.240771] usb 1-8: new high-speed USB device number 10 using xhci_hcd
[ 3325.635015] uvcvideo: Found UVC 1.00 device <unnamed> (046d:0825)
[ 3325.649508] input: UVC Camera (046d:0825) as /devices/pci0000:00/0000:00:14.0/usb1/1-8/1-8:1.0/input/input33
[ 3330.657130] usb 1-8: 3:1: cannot get freq at ep 0x86
[ 3340.668796] usb 1-8: 3:2: cannot set freq 24000 to ep 0x86
[ 3350.680385] usb 1-8: 3:3: cannot set freq 32000 to ep 0x86
[ 3360.692024] usb 1-8: 3:4: cannot set freq 48000 to ep 0x86
[ 3415.755450] usb 1-8: 5:2: cannot get min/max values for control 2 (id 5)
[ 3415.755787] usb 1-8: USB disconnect, device number 10
[ 3416.082470] usb 1-8: new high-speed USB device number 11 using xhci_hcd
[ 3416.476910] uvcvideo: Found UVC 1.00 device <unnamed> (046d:0825)
[ 3416.491445] input: UVC Camera (046d:0825) as /devices/pci0000:00/0000:00:14.0/usb1/1-8/1-8:1.0/input/input34
[ 3421.502114] usb 1-8: 3:1: cannot get freq at ep 0x86
[ 3431.512898] usb 1-8: 3:2: cannot set freq 24000 to ep 0x86
[ 3441.523356] usb 1-8: 3:3: cannot set freq 32000 to ep 0x86
[ 3451.534125] usb 1-8: 3:4: cannot set freq 48000 to ep 0x86
[ 3482.538337] Chrome_ChildThr[619]: segfault at 0 ip 00005631a635f70a sp 00007f7612b0a520 error 6 in plugin-container[5631a6358000+68000]
[ 3506.595562] usb 1-8: 5:2: cannot get min/max values for control 2 (id 5)
[ 3506.596366] usb 1-8: USB disconnect, device number 11
[ 3506.915940] usb 1-8: new high-speed USB device number 12 using xhci_hcd
[ 3507.306706] uvcvideo: Found UVC 1.00 device <unnamed> (046d:0825)
[ 3507.321159] input: UVC Camera (046d:0825) as /devices/pci0000:00/0000:00:14.0/usb1/1-8/1-8:1.0/input/input35
[ 3508.664209] usb 1-8: set resolution quirk: cval->res = 384
[ 6489.308320] PM: Syncing filesystems ... done.
[ 6489.316566] PM: Preparing system for mem sleep
[ 6489.316684] Freezing user space processes ... (elapsed 0.000 seconds) done.
[ 6489.317545] Freezing remaining freezable tasks ... (elapsed 0.001 seconds) done.
[ 6489.318640] PM: Entering mem sleep
[ 6489.318658] Suspending console(s) (use no_console_suspend to debug)
[ 6489.320142] sd 7:0:0:0: [sdb] Synchronizing SCSI cache
[ 6489.320169] sd 7:0:0:0: [sdb] Stopping disk
[ 6489.320248] sd 3:0:0:0: [sda] Synchronizing SCSI cache
[ 6489.320341] sd 3:0:0:0: [sda] Stopping disk
[ 6489.343630] serial 00:06: disabled
[ 6489.343632] serial 00:06: System wakeup disabled by ACPI
[ 6489.343720] e1000e: EEE TX LPI TIMER: 00000011
[ 6490.001708] PM: suspend of devices complete after 682.152 msecs
[ 6490.011720] PM: late suspend of devices complete after 9.996 msecs
[ 6490.012016] xhci_hcd 0000:03:00.0: System wakeup enabled by ACPI
[ 6490.012032] ehci-pci 0000:00:1d.0: System wakeup enabled by ACPI
[ 6490.012188] ehci-pci 0000:00:1a.0: System wakeup enabled by ACPI
[ 6490.012199] e1000e 0000:00:19.0: System wakeup enabled by ACPI
[ 6490.012217] xhci_hcd 0000:00:14.0: System wakeup enabled by ACPI
[ 6490.025018] PM: noirq suspend of devices complete after 13.281 msecs
[ 6490.025205] ACPI: Preparing to enter system sleep state S3
[ 6490.432246] PM: Saving platform NVS memory
[ 6490.432249] Disabling non-boot CPUs ...
[ 6490.432278] intel_pstate CPU 1 exiting
[ 6490.433435] kvm: disabling virtualization on CPU1
[ 6490.433443] smpboot: CPU 1 is now offline
[ 6490.433711] intel_pstate CPU 2 exiting
[ 6490.434867] kvm: disabling virtualization on CPU2
[ 6490.434875] smpboot: CPU 2 is now offline
[ 6490.435128] intel_pstate CPU 3 exiting
[ 6490.436268] kvm: disabling virtualization on CPU3
[ 6490.436295] smpboot: CPU 3 is now offline
[ 6490.437618] ACPI: Low-level resume complete
[ 6490.437653] PM: Restoring platform NVS memory
[ 6490.437977] Enabling non-boot CPUs ...
[ 6490.438004] x86: Booting SMP configuration:
[ 6490.438005] smpboot: Booting Node 0 Processor 1 APIC 0x2
[ 6490.449914] kvm: enabling virtualization on CPU1
[ 6490.452032]  cache: parent cpu1 should not be sleeping
[ 6490.452114] CPU1 is up
[ 6490.452124] smpboot: Booting Node 0 Processor 2 APIC 0x4
[ 6490.463916] kvm: enabling virtualization on CPU2
[ 6490.466023]  cache: parent cpu2 should not be sleeping
[ 6490.466093] CPU2 is up
[ 6490.466103] smpboot: Booting Node 0 Processor 3 APIC 0x6
[ 6490.477906] kvm: enabling virtualization on CPU3
[ 6490.480016]  cache: parent cpu3 should not be sleeping
[ 6490.480088] CPU3 is up
[ 6490.482311] ACPI: Waking up from system sleep state S3
[ 6490.483104] xhci_hcd 0000:00:14.0: System wakeup disabled by ACPI
[ 6490.483304] xhci_hcd 0000:03:00.0: System wakeup disabled by ACPI
[ 6490.493743] ehci-pci 0000:00:1d.0: System wakeup disabled by ACPI
[ 6490.493806] ehci-pci 0000:00:1a.0: System wakeup disabled by ACPI
[ 6490.493830] PM: noirq resume of devices complete after 10.824 msecs
[ 6490.567338] PM: early resume of devices complete after 73.397 msecs
[ 6490.567608] usb usb3: root hub lost power or was reset
[ 6490.567609] usb usb4: root hub lost power or was reset
[ 6490.567612] e1000e 0000:00:19.0: System wakeup disabled by ACPI
[ 6490.567618] rtc_cmos 00:02: System wakeup disabled by ACPI
[ 6490.567969] serial 00:06: activated
[ 6490.597161] sd 3:0:0:0: [sda] Starting disk
[ 6490.597181] sd 7:0:0:0: [sdb] Starting disk
[ 6490.672561] input input2: event field not found
[ 6490.672562] input input2: event field not found
[ 6490.672562] input input2: event field not found
[ 6490.672563] input input2: event field not found
[ 6490.672563] input input2: event field not found
[ 6490.672563] input input2: event field not found
[ 6490.672564] input input2: event field not found
[ 6490.830782] usb 1-8: reset high-speed USB device number 12 using xhci_hcd
[ 6490.910767] ata7: SATA link down (SStatus 0 SControl 300)
[ 6491.077587] ata8: SATA link up 6.0 Gbps (SStatus 133 SControl 300)
[ 6491.094249] ata8.00: configured for UDMA/133
[ 6491.094460] usb 3-2: reset low-speed USB device number 2 using xhci_hcd
[ 6491.220697] restoring control 00000000-0000-0000-0000-000000000101/10/5
[ 6491.403895] usb 3-2: ep 0x81 - rounding interval to 64 microframes, ep desc says 80 microframes
[ 6491.403914] usb 3-2: ep 0x82 - rounding interval to 64 microframes, ep desc says 80 microframes
[ 6491.426396] PM: resume of devices complete after 858.046 msecs
[ 6491.426506] PM: Finishing wakeup.
[ 6491.426507] Restarting tasks ... done.
[ 6491.434750] video LNXVIDEO:00: Restoring backlight state
[ 6492.270771] e1000e: enp0s25 NIC Link is Up 100 Mbps Full Duplex, Flow Control: Rx/Tx
[ 6492.270776] e1000e 0000:00:19.0 enp0s25: 10/100 speed: disabling TSO
[ 6493.750704] ata4: SATA link up 3.0 Gbps (SStatus 123 SControl 300)
[ 6493.762055] ata4.00: configured for UDMA/133
[ 6542.046746] usb 1-8: USB disconnect, device number 12
[ 6547.034508] usb 1-8: 3:4: cannot set freq 48000 to ep 0x86
[ 6547.314072] usb 1-8: new high-speed USB device number 13 using xhci_hcd
[ 6547.707728] uvcvideo: Found UVC 1.00 device <unnamed> (046d:0825)
[ 6547.722052] input: UVC Camera (046d:0825) as /devices/pci0000:00/0000:00:14.0/usb1/1-8/1-8:1.0/input/input39
[ 6552.721000] usb 1-8: 3:1: cannot get freq at ep 0x86
[ 6562.727002] usb 1-8: 3:2: cannot set freq 24000 to ep 0x86
[ 6572.735459] usb 1-8: 3:3: cannot set freq 32000 to ep 0x86
[ 6582.743309] usb 1-8: 3:4: cannot set freq 48000 to ep 0x86
[ 6637.798429] usb 1-8: 5:2: cannot get min/max values for control 2 (id 5)
[ 6637.798741] usb 1-8: USB disconnect, device number 13
[ 6638.125525] usb 1-8: new high-speed USB device number 14 using xhci_hcd
[ 6638.519714] uvcvideo: Found UVC 1.00 device <unnamed> (046d:0825)
[ 6638.534071] input: UVC Camera (046d:0825) as /devices/pci0000:00/0000:00:14.0/usb1/1-8/1-8:1.0/input/input40
[ 6639.877141] usb 1-8: set resolution quirk: cval->res = 384
[ 8205.609531] perf interrupt took too long (2532 > 2495), lowering kernel.perf_event_max_sample_rate to 50100
[39547.522431] PM: Syncing filesystems ... done.
[39547.541162] PM: Preparing system for mem sleep
[39547.541277] Freezing user space processes ... (elapsed 0.000 seconds) done.
[39547.542079] Freezing remaining freezable tasks ... (elapsed 0.001 seconds) done.
[39547.543181] PM: Entering mem sleep
[39547.543197] Suspending console(s) (use no_console_suspend to debug)
[39547.544774] sd 7:0:0:0: [sdb] Synchronizing SCSI cache
[39547.544827] sd 7:0:0:0: [sdb] Stopping disk
[39547.545106] sd 3:0:0:0: [sda] Synchronizing SCSI cache
[39547.545203] sd 3:0:0:0: [sda] Stopping disk
[39547.568225] serial 00:06: disabled
[39547.568227] serial 00:06: System wakeup disabled by ACPI
[39547.568779] e1000e: EEE TX LPI TIMER: 00000011
[39548.214598] PM: suspend of devices complete after 670.516 msecs
[39548.227928] PM: late suspend of devices complete after 13.312 msecs
[39548.228237] xhci_hcd 0000:03:00.0: System wakeup enabled by ACPI
[39548.228366] ehci-pci 0000:00:1a.0: System wakeup enabled by ACPI
[39548.228375] e1000e 0000:00:19.0: System wakeup enabled by ACPI
[39548.228386] ehci-pci 0000:00:1d.0: System wakeup enabled by ACPI
[39548.228433] xhci_hcd 0000:00:14.0: System wakeup enabled by ACPI
[39548.241233] PM: noirq suspend of devices complete after 13.288 msecs
[39548.241420] ACPI: Preparing to enter system sleep state S3
[39548.648454] PM: Saving platform NVS memory
[39548.648458] Disabling non-boot CPUs ...
[39548.648487] intel_pstate CPU 1 exiting
[39548.649704] kvm: disabling virtualization on CPU1
[39548.649714] smpboot: CPU 1 is now offline
[39548.650052] intel_pstate CPU 2 exiting
[39548.651262] kvm: disabling virtualization on CPU2
[39548.651272] smpboot: CPU 2 is now offline
[39548.651622] intel_pstate CPU 3 exiting
[39548.652818] kvm: disabling virtualization on CPU3
[39548.652822] smpboot: CPU 3 is now offline
[39548.654108] ACPI: Low-level resume complete
[39548.654142] PM: Restoring platform NVS memory
[39548.654507] Enabling non-boot CPUs ...
[39548.654533] x86: Booting SMP configuration:
[39548.654534] smpboot: Booting Node 0 Processor 1 APIC 0x2
[39548.666449] kvm: enabling virtualization on CPU1
[39548.668547]  cache: parent cpu1 should not be sleeping
[39548.668624] CPU1 is up
[39548.668634] smpboot: Booting Node 0 Processor 2 APIC 0x4
[39548.680426] kvm: enabling virtualization on CPU2
[39548.682537]  cache: parent cpu2 should not be sleeping
[39548.682606] CPU2 is up
[39548.682615] smpboot: Booting Node 0 Processor 3 APIC 0x6
[39548.694414] kvm: enabling virtualization on CPU3
[39548.696528]  cache: parent cpu3 should not be sleeping
[39548.696596] CPU3 is up
[39548.698810] ACPI: Waking up from system sleep state S3
[39548.699622] xhci_hcd 0000:00:14.0: System wakeup disabled by ACPI
[39548.699823] xhci_hcd 0000:03:00.0: System wakeup disabled by ACPI
[39548.709851] ehci-pci 0000:00:1a.0: System wakeup disabled by ACPI
[39548.709960] ehci-pci 0000:00:1d.0: System wakeup disabled by ACPI
[39548.710005] PM: noirq resume of devices complete after 10.504 msecs
[39548.783545] PM: early resume of devices complete after 73.428 msecs
[39548.783715] e1000e 0000:00:19.0: System wakeup disabled by ACPI
[39548.783773] rtc_cmos 00:02: System wakeup disabled by ACPI
[39548.783855] usb usb3: root hub lost power or was reset
[39548.783856] usb usb4: root hub lost power or was reset
[39548.784123] serial 00:06: activated
[39548.808458] sd 3:0:0:0: [sda] Starting disk
[39548.808465] sd 7:0:0:0: [sdb] Starting disk
[39548.888901] input input2: event field not found
[39548.888902] input input2: event field not found
[39548.888902] input input2: event field not found
[39548.888903] input input2: event field not found
[39548.888903] input input2: event field not found
[39548.888904] input input2: event field not found
[39548.888904] input input2: event field not found
[39549.047027] usb 1-8: reset high-speed USB device number 14 using xhci_hcd
[39549.126946] ata7: SATA link down (SStatus 0 SControl 300)
[39549.293789] ata8: SATA link up 6.0 Gbps (SStatus 133 SControl 300)
[39549.307270] usb 3-2: reset low-speed USB device number 2 using xhci_hcd
[39549.313245] ata8.00: configured for UDMA/133
[39549.436873] restoring control 00000000-0000-0000-0000-000000000101/10/5
[39549.613016] usb 3-2: ep 0x81 - rounding interval to 64 microframes, ep desc says 80 microframes
[39549.613018] usb 3-2: ep 0x82 - rounding interval to 64 microframes, ep desc says 80 microframes
[39549.635136] PM: resume of devices complete after 850.585 msecs
[39549.635243] PM: Finishing wakeup.
[39549.635244] Restarting tasks ... done.
[39549.636340] video LNXVIDEO:00: Restoring backlight state
[39550.483644] e1000e: enp0s25 NIC Link is Up 100 Mbps Full Duplex, Flow Control: Rx/Tx
[39550.483648] e1000e 0000:00:19.0 enp0s25: 10/100 speed: disabling TSO
[39551.856820] ata4: SATA link up 3.0 Gbps (SStatus 123 SControl 300)
[39551.867906] ata4.00: configured for UDMA/133
[40616.996124] usb 1-8: USB disconnect, device number 14
[40621.998315] usb 1-8: 3:4: cannot set freq 48000 to ep 0x86
[40622.278516] usb 1-8: new high-speed USB device number 15 using xhci_hcd
[40622.669375] uvcvideo: Found UVC 1.00 device <unnamed> (046d:0825)
[40622.683827] input: UVC Camera (046d:0825) as /devices/pci0000:00/0000:00:14.0/usb1/1-8/1-8:1.0/input/input44
[40624.027259] usb 1-8: set resolution quirk: cval->res = 384
[42797.430768] PM: Syncing filesystems ... done.
[42797.458296] PM: Preparing system for mem sleep
[42797.458440] Freezing user space processes ... (elapsed 0.001 seconds) done.
[42797.459721] Freezing remaining freezable tasks ... (elapsed 0.001 seconds) done.
[42797.460891] PM: Entering mem sleep
[42797.460909] Suspending console(s) (use no_console_suspend to debug)
[42797.462507] sd 7:0:0:0: [sdb] Synchronizing SCSI cache
[42797.462585] sd 7:0:0:0: [sdb] Stopping disk
[42797.462951] sd 3:0:0:0: [sda] Synchronizing SCSI cache
[42797.463046] sd 3:0:0:0: [sda] Stopping disk
[42797.486106] serial 00:06: disabled
[42797.486108] serial 00:06: System wakeup disabled by ACPI
[42797.486702] e1000e: EEE TX LPI TIMER: 00000011
[42798.131867] PM: suspend of devices complete after 670.051 msecs
[42798.145214] PM: late suspend of devices complete after 13.328 msecs
[42798.145516] xhci_hcd 0000:03:00.0: System wakeup enabled by ACPI
[42798.145534] ehci-pci 0000:00:1d.0: System wakeup enabled by ACPI
[42798.145689] ehci-pci 0000:00:1a.0: System wakeup enabled by ACPI
[42798.145711] xhci_hcd 0000:00:14.0: System wakeup enabled by ACPI
[42798.145721] e1000e 0000:00:19.0: System wakeup enabled by ACPI
[42798.158523] PM: noirq suspend of devices complete after 13.291 msecs
[42798.158710] ACPI: Preparing to enter system sleep state S3
[42798.565769] PM: Saving platform NVS memory
[42798.565775] Disabling non-boot CPUs ...
[42798.565797] intel_pstate CPU 1 exiting
[42798.566987] kvm: disabling virtualization on CPU1
[42798.566992] smpboot: CPU 1 is now offline
[42798.567298] intel_pstate CPU 2 exiting
[42798.568485] kvm: disabling virtualization on CPU2
[42798.568495] smpboot: CPU 2 is now offline
[42798.568821] intel_pstate CPU 3 exiting
[42798.569991] kvm: disabling virtualization on CPU3
[42798.570031] smpboot: CPU 3 is now offline
[42798.571797] ACPI: Low-level resume complete
[42798.571832] PM: Restoring platform NVS memory
[42798.572170] Enabling non-boot CPUs ...
[42798.572196] x86: Booting SMP configuration:
[42798.572197] smpboot: Booting Node 0 Processor 1 APIC 0x2
[42798.584005] kvm: enabling virtualization on CPU1
[42798.586111]  cache: parent cpu1 should not be sleeping
[42798.586188] CPU1 is up
[42798.586199] smpboot: Booting Node 0 Processor 2 APIC 0x4
[42798.598095] kvm: enabling virtualization on CPU2
[42798.600206]  cache: parent cpu2 should not be sleeping
[42798.600277] CPU2 is up
[42798.600287] smpboot: Booting Node 0 Processor 3 APIC 0x6
[42798.612091] kvm: enabling virtualization on CPU3
[42798.614203]  cache: parent cpu3 should not be sleeping
[42798.614270] CPU3 is up
[42798.616486] ACPI: Waking up from system sleep state S3
[42798.617299] xhci_hcd 0000:00:14.0: System wakeup disabled by ACPI
[42798.617499] xhci_hcd 0000:03:00.0: System wakeup disabled by ACPI
[42798.627407] ehci-pci 0000:00:1a.0: System wakeup disabled by ACPI
[42798.630728] ehci-pci 0000:00:1d.0: System wakeup disabled by ACPI
[42798.630805] PM: noirq resume of devices complete after 13.628 msecs
[42798.700982] PM: early resume of devices complete after 70.070 msecs
[42798.701151] e1000e 0000:00:19.0: System wakeup disabled by ACPI
[42798.701196] rtc_cmos 00:02: System wakeup disabled by ACPI
[42798.701296] usb usb3: root hub lost power or was reset
[42798.701297] usb usb4: root hub lost power or was reset
[42798.701543] serial 00:06: activated
[42798.730691] sd 3:0:0:0: [sda] Starting disk
[42798.730709] sd 7:0:0:0: [sdb] Starting disk
[42798.806344] input input2: event field not found
[42798.806344] input input2: event field not found
[42798.806345] input input2: event field not found
[42798.806345] input input2: event field not found
[42798.806345] input input2: event field not found
[42798.806346] input input2: event field not found
[42798.806346] input input2: event field not found
[42798.964590] usb 1-8: reset high-speed USB device number 15 using xhci_hcd
[42799.047849] ata7: SATA link down (SStatus 0 SControl 300)
[42799.224856] usb 3-2: reset low-speed USB device number 2 using xhci_hcd
[42799.248063] ata8: SATA link up 6.0 Gbps (SStatus 133 SControl 300)
[42799.265743] ata8.00: configured for UDMA/133
[42799.354547] restoring control 00000000-0000-0000-0000-000000000101/10/5
[42799.530511] usb 3-2: ep 0x81 - rounding interval to 64 microframes, ep desc says 80 microframes
[42799.530529] usb 3-2: ep 0x82 - rounding interval to 64 microframes, ep desc says 80 microframes
[42799.552673] PM: resume of devices complete after 850.691 msecs
[42799.552791] PM: Finishing wakeup.
[42799.552792] Restarting tasks ... done.
[42799.558173] video LNXVIDEO:00: Restoring backlight state
[42799.575086] systemd[1]: suspend.target: Unit is bound to inactive unit systemd-suspend.service. Stopping, too.
[42800.407838] e1000e: enp0s25 NIC Link is Up 100 Mbps Full Duplex, Flow Control: Rx/Tx
[42800.407842] e1000e 0000:00:19.0 enp0s25: 10/100 speed: disabling TSO
[42801.791026] ata4: SATA link up 3.0 Gbps (SStatus 123 SControl 300)
[42801.805395] ata4.00: configured for UDMA/133
[50581.350658] PM: Syncing filesystems ... done.
[50581.364582] PM: Preparing system for mem sleep
[50581.364704] Freezing user space processes ... (elapsed 0.001 seconds) done.
[50581.365951] Freezing remaining freezable tasks ... (elapsed 0.001 seconds) done.
[50581.367039] PM: Entering mem sleep
[50581.367057] Suspending console(s) (use no_console_suspend to debug)
[50581.368657] sd 7:0:0:0: [sdb] Synchronizing SCSI cache
[50581.368713] sd 7:0:0:0: [sdb] Stopping disk
[50581.369140] sd 3:0:0:0: [sda] Synchronizing SCSI cache
[50581.369239] sd 3:0:0:0: [sda] Stopping disk
[50581.392227] serial 00:06: disabled
[50581.392230] serial 00:06: System wakeup disabled by ACPI
[50581.392901] e1000e: EEE TX LPI TIMER: 00000011
[50582.020610] PM: suspend of devices complete after 652.684 msecs
[50582.033956] PM: late suspend of devices complete after 13.327 msecs
[50582.034261] xhci_hcd 0000:03:00.0: System wakeup enabled by ACPI
[50582.034287] ehci-pci 0000:00:1d.0: System wakeup enabled by ACPI
[50582.034387] ehci-pci 0000:00:1a.0: System wakeup enabled by ACPI
[50582.034434] e1000e 0000:00:19.0: System wakeup enabled by ACPI
[50582.034451] xhci_hcd 0000:00:14.0: System wakeup enabled by ACPI
[50582.047253] PM: noirq suspend of devices complete after 13.279 msecs
[50582.047439] ACPI: Preparing to enter system sleep state S3
[50582.454732] PM: Saving platform NVS memory
[50582.454744] Disabling non-boot CPUs ...
[50582.454815] intel_pstate CPU 1 exiting
[50582.456233] kvm: disabling virtualization on CPU1
[50582.456250] smpboot: CPU 1 is now offline
[50582.456890] intel_pstate CPU 2 exiting
[50582.458334] kvm: disabling virtualization on CPU2
[50582.458370] smpboot: CPU 2 is now offline
[50582.459055] intel_pstate CPU 3 exiting
[50582.460422] kvm: disabling virtualization on CPU3
[50582.460440] smpboot: CPU 3 is now offline
[50582.462560] ACPI: Low-level resume complete
[50582.462596] PM: Restoring platform NVS memory
[50582.462943] Enabling non-boot CPUs ...
[50582.462970] x86: Booting SMP configuration:
[50582.462971] smpboot: Booting Node 0 Processor 1 APIC 0x2
[50582.474879] kvm: enabling virtualization on CPU1
[50582.477003]  cache: parent cpu1 should not be sleeping
[50582.477080] CPU1 is up
[50582.477091] smpboot: Booting Node 0 Processor 2 APIC 0x4
[50582.488892] kvm: enabling virtualization on CPU2
[50582.491006]  cache: parent cpu2 should not be sleeping
[50582.491078] CPU2 is up
[50582.491087] smpboot: Booting Node 0 Processor 3 APIC 0x6
[50582.502887] kvm: enabling virtualization on CPU3
[50582.505004]  cache: parent cpu3 should not be sleeping
[50582.505077] CPU3 is up
[50582.507301] ACPI: Waking up from system sleep state S3
[50582.508091] xhci_hcd 0000:00:14.0: System wakeup disabled by ACPI
[50582.508279] xhci_hcd 0000:03:00.0: System wakeup disabled by ACPI
[50582.519738] ehci-pci 0000:00:1d.0: System wakeup disabled by ACPI
[50582.519826] ehci-pci 0000:00:1a.0: System wakeup disabled by ACPI
[50582.519901] PM: noirq resume of devices complete after 11.909 msecs
[50582.593430] PM: early resume of devices complete after 73.416 msecs
[50582.593611] e1000e 0000:00:19.0: System wakeup disabled by ACPI
[50582.593687] rtc_cmos 00:02: System wakeup disabled by ACPI
[50582.593752] usb usb3: root hub lost power or was reset
[50582.593752] usb usb4: root hub lost power or was reset
[50582.594041] serial 00:06: activated
[50582.623018] sd 3:0:0:0: [sda] Starting disk
[50582.623026] sd 7:0:0:0: [sdb] Starting disk
[50582.705423] input input2: event field not found
[50582.705424] input input2: event field not found
[50582.705424] input input2: event field not found
[50582.705424] input input2: event field not found
[50582.705425] input input2: event field not found
[50582.705425] input input2: event field not found
[50582.705425] input input2: event field not found
[50582.863592] usb 1-8: reset high-speed USB device number 15 using xhci_hcd
[50582.946871] ata7: SATA link down (SStatus 0 SControl 300)
[50583.113723] ata8: SATA link up 6.0 Gbps (SStatus 133 SControl 300)
[50583.117218] usb 3-2: reset low-speed USB device number 2 using xhci_hcd
[50583.127380] ata8.00: configured for UDMA/133
[50583.253330] restoring control 00000000-0000-0000-0000-000000000101/10/5
[50583.422875] usb 3-2: ep 0x81 - rounding interval to 64 microframes, ep desc says 80 microframes
[50583.422878] usb 3-2: ep 0x82 - rounding interval to 64 microframes, ep desc says 80 microframes
[50583.445099] PM: resume of devices complete after 850.659 msecs
[50583.445208] PM: Finishing wakeup.
[50583.445209] Restarting tasks ... done.
[50583.453280] video LNXVIDEO:00: Restoring backlight state
[50584.293527] e1000e: enp0s25 NIC Link is Up 100 Mbps Full Duplex, Flow Control: Rx/Tx
[50584.293531] e1000e 0000:00:19.0 enp0s25: 10/100 speed: disabling TSO
[50585.833581] ata4: SATA link up 3.0 Gbps (SStatus 123 SControl 300)
[50585.843600] ata4.00: configured for UDMA/133
[51432.257413] usb 1-8: USB disconnect, device number 15
[51437.261548] usb 1-8: 3:4: cannot set freq 48000 to ep 0x86
[51437.541829] usb 1-8: new high-speed USB device number 16 using xhci_hcd
[51437.936074] uvcvideo: Found UVC 1.00 device <unnamed> (046d:0825)
[51437.950533] input: UVC Camera (046d:0825) as /devices/pci0000:00/0000:00:14.0/usb1/1-8/1-8:1.0/input/input51
[51442.959146] usb 1-8: 3:1: cannot get freq at ep 0x86
[51452.972463] usb 1-8: 3:2: cannot set freq 24000 to ep 0x86
[51462.985805] usb 1-8: 3:3: cannot set freq 32000 to ep 0x86
[51472.999176] usb 1-8: 3:4: cannot set freq 48000 to ep 0x86
[51528.076357] usb 1-8: 5:2: cannot get min/max values for control 2 (id 5)
[51528.077108] usb 1-8: USB disconnect, device number 16
[51528.400061] usb 1-8: new high-speed USB device number 17 using xhci_hcd
[51528.794208] uvcvideo: Found UVC 1.00 device <unnamed> (046d:0825)
[51528.808620] input: UVC Camera (046d:0825) as /devices/pci0000:00/0000:00:14.0/usb1/1-8/1-8:1.0/input/input52
[51530.151665] usb 1-8: set resolution quirk: cval->res = 384
[54903.853679] PM: Syncing filesystems ... done.
[54903.868320] PM: Preparing system for mem sleep
[54903.868433] Freezing user space processes ... (elapsed 0.001 seconds) done.
[54903.869706] Freezing remaining freezable tasks ... (elapsed 0.001 seconds) done.
[54903.870824] PM: Entering mem sleep
[54903.870840] Suspending console(s) (use no_console_suspend to debug)
[54903.872356] sd 7:0:0:0: [sdb] Synchronizing SCSI cache
[54903.872390] sd 7:0:0:0: [sdb] Stopping disk
[54903.883673] sd 3:0:0:0: [sda] Synchronizing SCSI cache
[54903.883776] sd 3:0:0:0: [sda] Stopping disk
[54903.895949] serial 00:06: disabled
[54903.895952] serial 00:06: System wakeup disabled by ACPI
[54903.896111] e1000e: EEE TX LPI TIMER: 00000011
[54904.557386] PM: suspend of devices complete after 685.623 msecs
[54904.570730] PM: late suspend of devices complete after 13.326 msecs
[54904.571027] xhci_hcd 0000:03:00.0: System wakeup enabled by ACPI
[54904.571042] ehci-pci 0000:00:1d.0: System wakeup enabled by ACPI
[54904.571138] ehci-pci 0000:00:1a.0: System wakeup enabled by ACPI
[54904.571206] e1000e 0000:00:19.0: System wakeup enabled by ACPI
[54904.571216] xhci_hcd 0000:00:14.0: System wakeup enabled by ACPI
[54904.584029] PM: noirq suspend of devices complete after 13.282 msecs
[54904.584216] ACPI: Preparing to enter system sleep state S3
[54904.991326] PM: Saving platform NVS memory
[54904.991330] Disabling non-boot CPUs ...
[54904.991355] intel_pstate CPU 1 exiting
[54904.992565] kvm: disabling virtualization on CPU1
[54904.992570] smpboot: CPU 1 is now offline
[54904.992912] intel_pstate CPU 2 exiting
[54904.994123] kvm: disabling virtualization on CPU2
[54904.994134] smpboot: CPU 2 is now offline
[54904.994529] intel_pstate CPU 3 exiting
[54904.995704] kvm: disabling virtualization on CPU3
[54904.995713] smpboot: CPU 3 is now offline
[54904.997048] ACPI: Low-level resume complete
[54904.997082] PM: Restoring platform NVS memory
[54904.997396] Enabling non-boot CPUs ...
[54904.997424] x86: Booting SMP configuration:
[54904.997424] smpboot: Booting Node 0 Processor 1 APIC 0x2
[54905.009367] kvm: enabling virtualization on CPU1
[54905.011467]  cache: parent cpu1 should not be sleeping
[54905.011545] CPU1 is up
[54905.011555] smpboot: Booting Node 0 Processor 2 APIC 0x4
[54905.023357] kvm: enabling virtualization on CPU2
[54905.025464]  cache: parent cpu2 should not be sleeping
[54905.025542] CPU2 is up
[54905.025551] smpboot: Booting Node 0 Processor 3 APIC 0x6
[54905.037351] kvm: enabling virtualization on CPU3
[54905.039462]  cache: parent cpu3 should not be sleeping
[54905.039534] CPU3 is up
[54905.041749] ACPI: Waking up from system sleep state S3
[54905.042548] xhci_hcd 0000:00:14.0: System wakeup disabled by ACPI
[54905.042766] xhci_hcd 0000:03:00.0: System wakeup disabled by ACPI
[54905.052630] ehci-pci 0000:00:1a.0: System wakeup disabled by ACPI
[54905.055965] ehci-pci 0000:00:1d.0: System wakeup disabled by ACPI
[54905.056047] PM: noirq resume of devices complete after 13.599 msecs
[54905.128906] PM: early resume of devices complete after 72.749 msecs
[54905.129144] e1000e 0000:00:19.0: System wakeup disabled by ACPI
[54905.129198] rtc_cmos 00:02: System wakeup disabled by ACPI
[54905.129542] serial 00:06: activated
[54905.129640] usb usb3: root hub lost power or was reset
[54905.129641] usb usb4: root hub lost power or was reset
[54905.159605] sd 3:0:0:0: [sda] Starting disk
[54905.159613] sd 7:0:0:0: [sdb] Starting disk
[54905.238530] input input2: event field not found
[54905.238531] input input2: event field not found
[54905.238531] input input2: event field not found
[54905.238532] input input2: event field not found
[54905.238532] input input2: event field not found
[54905.238532] input input2: event field not found
[54905.238533] input input2: event field not found
[54905.261933] [drm:intel_set_cpu_fifo_underrun_reporting [i915]] *ERROR* uncleared fifo underrun on pipe A
[54905.261937] [drm:intel_cpu_fifo_underrun_irq_handler [i915]] *ERROR* CPU pipe A FIFO underrun
[54905.396491] usb 1-8: reset high-speed USB device number 17 using xhci_hcd
[54905.476441] ata7: SATA link down (SStatus 0 SControl 300)
[54905.643266] ata8: SATA link up 6.0 Gbps (SStatus 133 SControl 300)
[54905.653434] usb 3-2: reset low-speed USB device number 2 using xhci_hcd
[54905.655638] ata8.00: configured for UDMA/133
[54905.786112] restoring control 00000000-0000-0000-0000-000000000101/10/5
[54905.959256] usb 3-2: ep 0x81 - rounding interval to 64 microframes, ep desc says 80 microframes
[54905.959258] usb 3-2: ep 0x82 - rounding interval to 64 microframes, ep desc says 80 microframes
[54905.982314] PM: resume of devices complete after 852.393 msecs
[54905.982436] PM: Finishing wakeup.
[54905.982436] Restarting tasks ... done.
[54905.982904] video LNXVIDEO:00: Restoring backlight state
[54906.836456] e1000e: enp0s25 NIC Link is Up 100 Mbps Full Duplex, Flow Control: Rx/Tx
[54906.836461] e1000e 0000:00:19.0 enp0s25: 10/100 speed: disabling TSO
[54908.316437] ata4: SATA link up 3.0 Gbps (SStatus 123 SControl 300)
[54908.335848] ata4.00: configured for UDMA/133
[56579.970004] Purging GPU memory, 69632 bytes freed, 15425536 bytes still pinned.
[56579.970147] MediaPl~ck #160 invoked oom-killer: gfp_mask=0x280da, order=0, oom_score_adj=0
[56579.970148] MediaPl~ck #160 cpuset=/ mems_allowed=0
[56579.970152] CPU: 1 PID: 32551 Comm: MediaPl~ck #160 Not tainted 4.1.5-1-ARCH #1
[56579.970153] Hardware name: To Be Filled By O.E.M. To Be Filled By O.E.M./Z97 Extreme4, BIOS P1.30 05/23/2014
[56579.970154]  0000000000000000 000000007cc9a76a ffff8801ebeefa38 ffffffff8158664e
[56579.970156]  0000000000000000 ffff880037da8a30 ffff8801ebeefac8 ffffffff81585be7
[56579.970157]  ffff8801ebeefaa8 ffffffffa07258de ffff8801ebeefaa8 0000000000eb6000
[56579.970158] Call Trace:
[56579.970164]  [<ffffffff8158664e>] dump_stack+0x4c/0x6e
[56579.970165]  [<ffffffff81585be7>] dump_header+0x8e/0x221
[56579.970178]  [<ffffffffa07258de>] ? i915_gem_shrinker_oom+0x1de/0x230 [i915]
[56579.970181]  [<ffffffff81169c5e>] oom_kill_process+0x36e/0x3e0
[56579.970182]  [<ffffffff81169ff4>] __out_of_memory+0x324/0x570
[56579.970183]  [<ffffffff8116a43b>] out_of_memory+0x5b/0x80
